Archive member included to satisfy reference by file (symbol)

C:/ST/STM32CubeIDE_1.17.0/STM32CubeIDE/plugins/com.st.stm32cube.ide.mcu.externaltools.gnu-tools-for-stm32.13.3.rel1.win32_1.0.0.202411081344/tools/bin/../lib/gcc/arm-none-eabi/13.3.1/../../../../arm-none-eabi/lib/thumb/v8-m.main+fp/hard\libc_nano.a(libc_a-exit.o)
                              C:/ST/STM32CubeIDE_1.17.0/STM32CubeIDE/plugins/com.st.stm32cube.ide.mcu.externaltools.gnu-tools-for-stm32.13.3.rel1.win32_1.0.0.202411081344/tools/bin/../lib/gcc/arm-none-eabi/13.3.1/../../../../arm-none-eabi/lib/thumb/v8-m.main+fp/hard/crt0.o (exit)
C:/ST/STM32CubeIDE_1.17.0/STM32CubeIDE/plugins/com.st.stm32cube.ide.mcu.externaltools.gnu-tools-for-stm32.13.3.rel1.win32_1.0.0.202411081344/tools/bin/../lib/gcc/arm-none-eabi/13.3.1/../../../../arm-none-eabi/lib/thumb/v8-m.main+fp/hard\libc_nano.a(libc_a-malloc.o)
                              ./Core/Src/data_handler.o (malloc)
C:/ST/STM32CubeIDE_1.17.0/STM32CubeIDE/plugins/com.st.stm32cube.ide.mcu.externaltools.gnu-tools-for-stm32.13.3.rel1.win32_1.0.0.202411081344/tools/bin/../lib/gcc/arm-none-eabi/13.3.1/../../../../arm-none-eabi/lib/thumb/v8-m.main+fp/hard\libc_nano.a(libc_a-mallocr.o)
                              C:/ST/STM32CubeIDE_1.17.0/STM32CubeIDE/plugins/com.st.stm32cube.ide.mcu.externaltools.gnu-tools-for-stm32.13.3.rel1.win32_1.0.0.202411081344/tools/bin/../lib/gcc/arm-none-eabi/13.3.1/../../../../arm-none-eabi/lib/thumb/v8-m.main+fp/hard\libc_nano.a(libc_a-malloc.o) (_malloc_r)
C:/ST/STM32CubeIDE_1.17.0/STM32CubeIDE/plugins/com.st.stm32cube.ide.mcu.externaltools.gnu-tools-for-stm32.13.3.rel1.win32_1.0.0.202411081344/tools/bin/../lib/gcc/arm-none-eabi/13.3.1/../../../../arm-none-eabi/lib/thumb/v8-m.main+fp/hard\libc_nano.a(libc_a-mlock.o)
                              C:/ST/STM32CubeIDE_1.17.0/STM32CubeIDE/plugins/com.st.stm32cube.ide.mcu.externaltools.gnu-tools-for-stm32.13.3.rel1.win32_1.0.0.202411081344/tools/bin/../lib/gcc/arm-none-eabi/13.3.1/../../../../arm-none-eabi/lib/thumb/v8-m.main+fp/hard\libc_nano.a(libc_a-mallocr.o) (__malloc_lock)
C:/ST/STM32CubeIDE_1.17.0/STM32CubeIDE/plugins/com.st.stm32cube.ide.mcu.externaltools.gnu-tools-for-stm32.13.3.rel1.win32_1.0.0.202411081344/tools/bin/../lib/gcc/arm-none-eabi/13.3.1/../../../../arm-none-eabi/lib/thumb/v8-m.main+fp/hard\libc_nano.a(libc_a-findfp.o)
                              C:/ST/STM32CubeIDE_1.17.0/STM32CubeIDE/plugins/com.st.stm32cube.ide.mcu.externaltools.gnu-tools-for-stm32.13.3.rel1.win32_1.0.0.202411081344/tools/bin/../lib/gcc/arm-none-eabi/13.3.1/../../../../arm-none-eabi/lib/thumb/v8-m.main+fp/hard\libc_nano.a(libc_a-exit.o) (__stdio_exit_handler)
C:/ST/STM32CubeIDE_1.17.0/STM32CubeIDE/plugins/com.st.stm32cube.ide.mcu.externaltools.gnu-tools-for-stm32.13.3.rel1.win32_1.0.0.202411081344/tools/bin/../lib/gcc/arm-none-eabi/13.3.1/../../../../arm-none-eabi/lib/thumb/v8-m.main+fp/hard\libc_nano.a(libc_a-fwalk.o)
                              C:/ST/STM32CubeIDE_1.17.0/STM32CubeIDE/plugins/com.st.stm32cube.ide.mcu.externaltools.gnu-tools-for-stm32.13.3.rel1.win32_1.0.0.202411081344/tools/bin/../lib/gcc/arm-none-eabi/13.3.1/../../../../arm-none-eabi/lib/thumb/v8-m.main+fp/hard\libc_nano.a(libc_a-findfp.o) (_fwalk_sglue)
C:/ST/STM32CubeIDE_1.17.0/STM32CubeIDE/plugins/com.st.stm32cube.ide.mcu.externaltools.gnu-tools-for-stm32.13.3.rel1.win32_1.0.0.202411081344/tools/bin/../lib/gcc/arm-none-eabi/13.3.1/../../../../arm-none-eabi/lib/thumb/v8-m.main+fp/hard\libc_nano.a(libc_a-stdio.o)
                              C:/ST/STM32CubeIDE_1.17.0/STM32CubeIDE/plugins/com.st.stm32cube.ide.mcu.externaltools.gnu-tools-for-stm32.13.3.rel1.win32_1.0.0.202411081344/tools/bin/../lib/gcc/arm-none-eabi/13.3.1/../../../../arm-none-eabi/lib/thumb/v8-m.main+fp/hard\libc_nano.a(libc_a-findfp.o) (__sread)
C:/ST/STM32CubeIDE_1.17.0/STM32CubeIDE/plugins/com.st.stm32cube.ide.mcu.externaltools.gnu-tools-for-stm32.13.3.rel1.win32_1.0.0.202411081344/tools/bin/../lib/gcc/arm-none-eabi/13.3.1/../../../../arm-none-eabi/lib/thumb/v8-m.main+fp/hard\libc_nano.a(libc_a-memset.o)
                              C:/ST/STM32CubeIDE_1.17.0/STM32CubeIDE/plugins/com.st.stm32cube.ide.mcu.externaltools.gnu-tools-for-stm32.13.3.rel1.win32_1.0.0.202411081344/tools/bin/../lib/gcc/arm-none-eabi/13.3.1/../../../../arm-none-eabi/lib/thumb/v8-m.main+fp/hard/crt0.o (memset)
C:/ST/STM32CubeIDE_1.17.0/STM32CubeIDE/plugins/com.st.stm32cube.ide.mcu.externaltools.gnu-tools-for-stm32.13.3.rel1.win32_1.0.0.202411081344/tools/bin/../lib/gcc/arm-none-eabi/13.3.1/../../../../arm-none-eabi/lib/thumb/v8-m.main+fp/hard\libc_nano.a(libc_a-closer.o)
                              C:/ST/STM32CubeIDE_1.17.0/STM32CubeIDE/plugins/com.st.stm32cube.ide.mcu.externaltools.gnu-tools-for-stm32.13.3.rel1.win32_1.0.0.202411081344/tools/bin/../lib/gcc/arm-none-eabi/13.3.1/../../../../arm-none-eabi/lib/thumb/v8-m.main+fp/hard\libc_nano.a(libc_a-stdio.o) (_close_r)
[...]
Memory Configuration

Name             Origin             Length             Attributes
RAM              0x20000000         0x000c0000         xrw
SRAM4            0x28000000         0x00004000         xrw
FLASH            0x08000000         0x00200000         xr
*default*        0x00000000         0xffffffff

Linker script and memory map

LOAD C:/ST/STM32CubeIDE_1.17.0/STM32CubeIDE/plugins/com.st.stm32cube.ide.mcu.externaltools.gnu-tools-for-stm32.13.3.rel1.win32_1.0.0.202411081344/tools/bin/../lib/gcc/arm-none-eabi/13.3.1/thumb/v8-m.main+fp/hard/crti.o
LOAD C:/ST/STM32CubeIDE_1.17.0/STM32CubeIDE/plugins/com.st.stm32cube.ide.mcu.externaltools.gnu-tools-for-stm32.13.3.rel1.win32_1.0.0.202411081344/tools/bin/../lib/gcc/arm-none-eabi/13.3.1/thumb/v8-m.main+fp/hard/crtbegin.o
LOAD C:/ST/STM32CubeIDE_1.17.0/STM32CubeIDE/plugins/com.st.stm32cube.ide.mcu.externaltools.gnu-tools-for-stm32.13.3.rel1.win32_1.0.0.202411081344/tools/bin/../lib/gcc/arm-none-eabi/13.3.1/../../../../arm-none-eabi/lib/thumb/v8-m.main+fp/hard/crt0.o
LOAD ./Core/Src/data_handler.o
LOAD ./Core/Src/i2c_handler.o
LOAD ./Core/Src/main.o
LOAD ./Core/Src/ppg_sensor.o
LOAD ./Core/Src/pressure_sensor.o
LOAD ./Core/Src/sensors_interface.o
LOAD ./Core/Src/stm32u5xx_hal_msp.o
LOAD ./Core/Src/stm32u5xx_it.o
LOAD ./Core/Src/syscalls.o
LOAD ./Core/Src/sysmem.o
LOAD ./Core/Src/system_stm32u5xx.o
LOAD ./Core/Src/temp_sensor.o
LOAD ./Core/Src/uart_handler.o
LOAD ./Core/Startup/startup_stm32u585aiixq.o
LOAD ./Drivers/STM32U5xx_HAL_Driver/Src/stm32u5xx_hal.o
LOAD ./Drivers/STM32U5xx_HAL_Driver/Src/stm32u5xx_hal_cortex.o
LOAD ./Drivers/STM32U5xx_HAL_Driver/Src/stm32u5xx_hal_dma.o
LOAD ./Drivers/STM32U5xx_HAL_Driver/Src/stm32u5xx_hal_dma_ex.o
LOAD ./Drivers/STM32U5xx_HAL_Driver/Src/stm32u5xx_hal_exti.o
LOAD ./Drivers/STM32U5xx_HAL_Driver/Src/stm32u5xx_hal_flash.o
LOAD ./Drivers/STM32U5xx_HAL_Driver/Src/stm32u5xx_hal_flash_ex.o
LOAD ./Drivers/STM32U5xx_HAL_Driver/Src/stm32u5xx_hal_gpio.o
LOAD ./Drivers/STM32U5xx_HAL_Driver/Src/stm32u5xx_hal_gtzc.o
LOAD ./Drivers/STM32U5xx_HAL_Driver/Src/stm32u5xx_hal_i2c.o
LOAD ./Drivers/STM32U5xx_HAL_Driver/Src/stm32u5xx_hal_i2c_ex.o
LOAD ./Drivers/STM32U5xx_HAL_Driver/Src/stm32u5xx_hal_icache.o
LOAD ./Drivers/STM32U5xx_HAL_Driver/Src/stm32u5xx_hal_pwr.o
LOAD ./Drivers/STM32U5xx_HAL_Driver/Src/stm32u5xx_hal_pwr_ex.o
LOAD ./Drivers/STM32U5xx_HAL_Driver/Src/stm32u5xx_hal_rcc.o
LOAD ./Drivers/STM32U5xx_HAL_Driver/Src/stm32u5xx_hal_rcc_ex.o
LOAD ./Drivers/STM32U5xx_HAL_Driver/Src/stm32u5xx_hal_rtc.o
LOAD ./Drivers/STM32U5xx_HAL_Driver/Src/stm32u5xx_hal_rtc_ex.o
LOAD ./Drivers/STM32U5xx_HAL_Driver/Src/stm32u5xx_hal_tim.o
LOAD ./Drivers/STM32U5xx_HAL_Driver/Src/stm32u5xx_hal_tim_ex.o
LOAD ./Drivers/STM32U5xx_HAL_Driver/Src/stm32u5xx_hal_uart.o
LOAD ./Drivers/STM32U5xx_HAL_Driver/Src/stm32u5xx_hal_uart_ex.o
START GROUP
LOAD C:/ST/STM32CubeIDE_1.17.0/STM32CubeIDE/plugins/com.st.stm32cube.ide.mcu.externaltools.gnu-tools-for-stm32.13.3.rel1.win32_1.0.0.202411081344/tools/bin/../lib/gcc/arm-none-eabi/13.3.1/../../../../arm-none-eabi/lib/thumb/v8-m.main+fp/hard\libc_nano.a
LOAD C:/ST/STM32CubeIDE_1.17.0/STM32CubeIDE/plugins/com.st.stm32cube.ide.mcu.externaltools.gnu-tools-for-stm32.13.3.rel1.win32_1.0.0.202411081344/tools/bin/../lib/gcc/arm-none-eabi/13.3.1/../../../../arm-none-eabi/lib/thumb/v8-m.main+fp/hard\libm.a
END GROUP
START GROUP
LOAD C:/ST/STM32CubeIDE_1.17.0/STM32CubeIDE/plugins/com.st.stm32cube.ide.mcu.externaltools.gnu-tools-for-stm32.13.3.rel1.win32_1.0.0.202411081344/tools/bin/../lib/gcc/arm-none-eabi/13.3.1/thumb/v8-m.main+fp/hard\libgcc.a
LOAD C:/ST/STM32CubeIDE_1.17.0/STM32CubeIDE/plugins/com.st.stm32cube.ide.mcu.externaltools.gnu-tools-for-stm32.13.3.rel1.win32_1.0.0.202411081344/tools/bin/../lib/gcc/arm-none-eabi/13.3.1/../../../../arm-none-eabi/lib/thumb/v8-m.main+fp/hard\libc_nano.a
END GROUP
START GROUP
LOAD C:/ST/STM32CubeIDE_1.17.0/STM32CubeIDE/plugins/com.st.stm32cube.ide.mcu.externaltools.gnu-tools-for-stm32.13.3.rel1.win32_1.0.0.202411081344/tools/bin/../lib/gcc/arm-none-eabi/13.3.1/thumb/v8-m.main+fp/hard\libgcc.a
LOAD C:/ST/STM32CubeIDE_1.17.0/STM32CubeIDE/plugins/com.st.stm32cube.ide.mcu.externaltools.gnu-tools-for-stm32.13.3.rel1.win32_1.0.0.202411081344/tools/bin/../lib/gcc/arm-none-eabi/13.3.1/../../../../arm-none-eabi/lib/thumb/v8-m.main+fp/hard\libc_nano.a
LOAD C:/ST/STM32CubeIDE_1.17.0/STM32CubeIDE/plugins/com.st.stm32cube.ide.mcu.externaltools.gnu-tools-for-stm32.13.3.rel1.win32_1.0.0.202411081344/tools/bin/../lib/gcc/arm-none-eabi/13.3.1/../../../../arm-none-eabi/lib/thumb/v8-m.main+fp/hard\libnosys.a
END GROUP
START GROUP
LOAD C:/ST/STM32CubeIDE_1.17.0/STM32CubeIDE/plugins/com.st.stm32cube.ide.mcu.externaltools.gnu-tools-for-stm32.13.3.rel1.win32_1.0.0.202411081344/tools/bin/../lib/gcc/arm-none-eabi/13.3.1/thumb/v8-m.main+fp/hard\libgcc.a
LOAD C:/ST/STM32CubeIDE_1.17.0/STM32CubeIDE/plugins/com.st.stm32cube.ide.mcu.externaltools.gnu-tools-for-stm32.13.3.rel1.win32_1.0.0.202411081344/tools/bin/../lib/gcc/arm-none-eabi/13.3.1/../../../../arm-none-eabi/lib/thumb/v8-m.main+fp/hard\libc_nano.a
LOAD C:/ST/STM32CubeIDE_1.17.0/STM32CubeIDE/plugins/com.st.stm32cube.ide.mcu.externaltools.gnu-tools-for-stm32.13.3.rel1.win32_1.0.0.202411081344/tools/bin/../lib/gcc/arm-none-eabi/13.3.1/../../../../arm-none-eabi/lib/thumb/v8-m.main+fp/hard\libnosys.a
END GROUP
LOAD C:/ST/STM32CubeIDE_1.17.0/STM32CubeIDE/plugins/com.st.stm32cube.ide.mcu.externaltools.gnu-tools-for-stm32.13.3.rel1.win32_1.0.0.202411081344/tools/bin/../lib/gcc/arm-none-eabi/13.3.1/thumb/v8-m.main+fp/hard/crtend.o
LOAD C:/ST/STM32CubeIDE_1.17.0/STM32CubeIDE/plugins/com.st.stm32cube.ide.mcu.externaltools.gnu-tools-for-stm32.13.3.rel1.win32_1.0.0.202411081344/tools/bin/../lib/gcc/arm-none-eabi/13.3.1/thumb/v8-m.main+fp/hard/crtn.o
                0x200c0000                        _estack = (ORIGIN (RAM) + LENGTH (RAM))
                0x00000200                        _Min_Heap_Size = 0x200
                0x00000400                        _Min_Stack_Size = 0x400

.isr_vector     0x08000000      0x238
 *(.isr_vector)
 .isr_vector    0x08000000      0x238 ./Core/Startup/startup_stm32u585aiixq.o
                0x08000000                g_pfnVectors

.text           0x08000238     0x869c
 *(.text)
 .text          0x08000238       0x40 C:/ST/STM32CubeIDE_1.17.0/STM32CubeIDE/plugins/com.st.stm32cube.ide.mcu.externaltools.gnu-tools-for-stm32.13.3.rel1.win32_1.0.0.202411081344/tools/bin/../lib/gcc/arm-none-eabi/13.3.1/thumb/v8-m.main+fp/hard/crtbegin.o
 .text          0x08000278       0x30 C:/ST/STM32CubeIDE_1.17.0/STM32CubeIDE/plugins/com.st.stm32cube.ide.mcu.externaltools.gnu-tools-for-stm32.13.3.rel1.win32_1.0.0.202411081344/tools/bin/../lib/gcc/arm-none-eabi/13.3.1/thumb/v8-m.main+fp/hard\libgcc.a(_aeabi_uldivmod.o)
                0x08000278                __aeabi_uldivmod
 .text          0x080002a8      0x348 C:/ST/STM32CubeIDE_1.17.0/STM32CubeIDE/plugins/com.st.stm32cube.ide.mcu.externaltools.gnu-tools-for-stm32.13.3.rel1.win32_1.0.0.202411081344/tools/bin/../lib/gcc/arm-none-eabi/13.3.1/thumb/v8-m.main+fp/hard\libgcc.a(_udivmoddi4.o)
                0x080002a8                __udivmoddi4
 .text          0x080005f0        0x4 C:/ST/STM32CubeIDE_1.17.0/STM32CubeIDE/plugins/com.st.stm32cube.ide.mcu.externaltools.gnu-tools-for-stm32.13.3.rel1.win32_1.0.0.202411081344/tools/bin/../lib/gcc/arm-none-eabi/13.3.1/thumb/v8-m.main+fp/hard\libgcc.a(_dvmd_tls.o)
                0x080005f0                __aeabi_idiv0
                0x080005f0                __aeabi_ldiv0
 *(.text*)
 .text.data_handler_dispatcher
                0x080005f4       0x80 ./Core/Src/data_handler.o
                0x080005f4                data_handler_dispatcher
 .text.data_handler_Init
                0x08000674       0x54 ./Core/Src/data_handler.o
                0x08000674                data_handler_Init
 .text.main     0x080006c8       0x38 ./Core/Src/main.o
                0x080006c8                main
 .text.SystemClock_Config
                0x08000700       0xbe ./Core/Src/main.o
                0x08000700                SystemClock_Config
 *fill*         0x080007be        0x2 
 .text.MX_I2C2_Init
                0x080007c0       0x80 ./Core/Src/main.o
 .text.MX_ICACHE_Init
                0x08000840       0x26 ./Core/Src/main.o
 *fill*         0x08000866        0x2 
 .text.MX_RTC_Init
                0x08000868      0x104 ./Core/Src/main.o
 .text.MX_TIM16_Init
                0x0800096c       0x4c ./Core/Src/main.o
 .text.MX_UART4_Init
                0x080009b8       0x98 ./Core/Src/main.o
 .text.MX_GPIO_Init
                0x08000a50       0x70 ./Core/Src/main.o
 .text.Error_Handler
                0x08000ac0        0xc ./Core/Src/main.o
                0x08000ac0                Error_Handler
 .text.sensor_interface_handle_cmd
                0x08000acc       0x72 ./Core/Src/sensors_interface.o
                0x08000acc                sensor_interface_handle_cmd
 *fill*         0x08000b3e        0x2 
 .text.HAL_MspInit
                0x08000b40       0x34 ./Core/Src/stm32u5xx_hal_msp.o
                0x08000b40                HAL_MspInit
 .text.HAL_I2C_MspInit
                0x08000b74       0xe0 ./Core/Src/stm32u5xx_hal_msp.o
                0x08000b74                HAL_I2C_MspInit
 .text.HAL_RTC_MspInit
                0x08000c54       0x98 ./Core/Src/stm32u5xx_hal_msp.o
                0x08000c54                HAL_RTC_MspInit
 .text.HAL_TIM_Base_MspInit
                0x08000cec       0x44 ./Core/Src/stm32u5xx_hal_msp.o
                0x08000cec                HAL_TIM_Base_MspInit
 .text.HAL_UART_MspInit
                0x08000d30       0xe0 ./Core/Src/stm32u5xx_hal_msp.o
                0x08000d30                HAL_UART_MspInit
 .text.NMI_Handler
                0x08000e10        0x8 ./Core/Src/stm32u5xx_it.o
                0x08000e10                NMI_Handler
 .text.HardFault_Handler
                0x08000e18        0x8 ./Core/Src/stm32u5xx_it.o
                0x08000e18                HardFault_Handler
 .text.MemManage_Handler
                0x08000e20        0x8 ./Core/Src/stm32u5xx_it.o
                0x08000e20                MemManage_Handler
 .text.BusFault_Handler
                0x08000e28        0x8 ./Core/Src/stm32u5xx_it.o
                0x08000e28                BusFault_Handler
 .text.UsageFault_Handler
                0x08000e30        0x8 ./Core/Src/stm32u5xx_it.o
                0x08000e30                UsageFault_Handler
 .text.SVC_Handler
                0x08000e38        0xe ./Core/Src/stm32u5xx_it.o
                0x08000e38                SVC_Handler
 .text.DebugMon_Handler
                0x08000e46        0xe ./Core/Src/stm32u5xx_it.o
                0x08000e46                DebugMon_Handler
 .text.PendSV_Handler
                0x08000e54        0xe ./Core/Src/stm32u5xx_it.o
                0x08000e54                PendSV_Handler
 .text.SysTick_Handler
                0x08000e62        0xc ./Core/Src/stm32u5xx_it.o
                0x08000e62                SysTick_Handler
 *fill*         0x08000e6e        0x2 
 .text.I2C2_EV_IRQHandler
                0x08000e70       0x14 ./Core/Src/stm32u5xx_it.o
                0x08000e70                I2C2_EV_IRQHandler
 .text.UART4_IRQHandler
                0x08000e84       0x14 ./Core/Src/stm32u5xx_it.o
                0x08000e84                UART4_IRQHandler
 .text._sbrk    0x08000e98       0x6c ./Core/Src/sysmem.o
                0x08000e98                _sbrk
 .text.SystemInit
                0x08000f04       0x70 ./Core/Src/system_stm32u5xx.o
                0x08000f04                SystemInit
 .text.temp_sensor_get
                0x08000f74       0x18 ./Core/Src/temp_sensor.o
                0x08000f74                temp_sensor_get
 .text.Calculate_CRC
                0x08000f8c       0x40 ./Core/Src/uart_handler.o
 .text.HAL_UARTEx_RxEventCallback
                0x08000fcc       0x48 ./Core/Src/uart_handler.o
                0x08000fcc                HAL_UARTEx_RxEventCallback
 .text.uart_handler_Process_Received_pck
                0x08001014       0xac ./Core/Src/uart_handler.o
 .text.uart_handler_Send_Response
                0x080010c0       0xac ./Core/Src/uart_handler.o
 .text.uart_handler_Init
                0x0800116c       0x98 ./Core/Src/uart_handler.o
                0x0800116c                uart_handler_Init
 .text.uart_handler_get
                0x08001204       0x18 ./Core/Src/uart_handler.o
                0x08001204                uart_handler_get
 .text.Reset_Handler
                0x0800121c       0x50 ./Core/Startup/startup_stm32u585aiixq.o
                0x0800121c                Reset_Handler
 .text.Default_Handler
                0x0800126c        0x2 ./Core/Startup/startup_stm32u585aiixq.o
                0x0800126c                EXTI2_IRQHandler
                0x0800126c                TIM8_TRG_COM_IRQHandler
                0x0800126c                TIM8_CC_IRQHandler
                0x0800126c                EXTI5_IRQHandler
                0x0800126c                FLASH_S_IRQHandler
                0x0800126c                EXTI13_IRQHandler
                0x0800126c                TIM1_CC_IRQHandler
                0x0800126c                TSC_IRQHandler
                0x0800126c                TAMP_IRQHandler
                0x0800126c                TIM6_IRQHandler
                0x0800126c                EXTI12_IRQHandler
                0x0800126c                CORDIC_IRQHandler
                0x0800126c                EXTI3_IRQHandler
                0x0800126c                LPTIM4_IRQHandler
                0x0800126c                GPDMA1_Channel5_IRQHandler
                0x0800126c                EXTI8_IRQHandler
                0x0800126c                LPTIM2_IRQHandler
                0x0800126c                I2C3_ER_IRQHandler
                0x0800126c                PWR_S3WU_IRQHandler
                0x0800126c                MDF1_FLT2_IRQHandler
                0x0800126c                LPDMA1_Channel3_IRQHandler
                0x0800126c                LPTIM3_IRQHandler
                0x0800126c                EXTI0_IRQHandler
                0x0800126c                FPU_IRQHandler
                0x0800126c                GPDMA1_Channel3_IRQHandler
                0x0800126c                GPDMA1_Channel7_IRQHandler
                0x0800126c                MDF1_FLT4_IRQHandler
                0x0800126c                FDCAN1_IT1_IRQHandler
                0x0800126c                RAMCFG_IRQHandler
                0x0800126c                GPDMA1_Channel9_IRQHandler
                0x0800126c                DCACHE1_IRQHandler
                0x0800126c                SPI1_IRQHandler
                0x0800126c                OCTOSPI1_IRQHandler
                0x0800126c                GPDMA1_Channel2_IRQHandler
                0x0800126c                TIM8_UP_IRQHandler
                0x0800126c                RCC_S_IRQHandler
                0x0800126c                OCTOSPI2_IRQHandler
                0x0800126c                SAI2_IRQHandler
                0x0800126c                MDF1_FLT1_IRQHandler
                0x0800126c                ADC1_IRQHandler
                0x0800126c                PKA_IRQHandler
                0x0800126c                MDF1_FLT5_IRQHandler
                0x0800126c                EXTI15_IRQHandler
                0x0800126c                TIM17_IRQHandler
                0x0800126c                USART3_IRQHandler
                0x0800126c                RTC_IRQHandler
                0x0800126c                EXTI9_IRQHandler
                0x0800126c                UART5_IRQHandler
                0x0800126c                TIM4_IRQHandler
                0x0800126c                I2C1_EV_IRQHandler
                0x0800126c                GPDMA1_Channel12_IRQHandler
                0x0800126c                GPDMA1_Channel1_IRQHandler
                0x0800126c                TIM16_IRQHandler
                0x0800126c                GPDMA1_Channel15_IRQHandler
                0x0800126c                SecureFault_Handler
                0x0800126c                TIM3_IRQHandler
                0x0800126c                RCC_IRQHandler
                0x0800126c                TIM1_TRG_COM_IRQHandler
                0x0800126c                Default_Handler
                0x0800126c                GPDMA1_Channel8_IRQHandler
                0x0800126c                FMAC_IRQHandler
                0x0800126c                OTFDEC1_IRQHandler
                0x0800126c                GPDMA1_Channel11_IRQHandler
                0x0800126c                TIM7_IRQHandler
                0x0800126c                SDMMC1_IRQHandler
                0x0800126c                SAES_IRQHandler
                0x0800126c                TIM5_IRQHandler
                0x0800126c                UCPD1_IRQHandler
                0x0800126c                GPDMA1_Channel0_IRQHandler
                0x0800126c                TIM15_IRQHandler
                0x0800126c                I2C3_EV_IRQHandler
                0x0800126c                LPDMA1_Channel0_IRQHandler
                0x0800126c                PVD_PVM_IRQHandler
                0x0800126c                SPI2_IRQHandler
                0x0800126c                LPDMA1_Channel1_IRQHandler
                0x0800126c                EXTI14_IRQHandler
                0x0800126c                EXTI11_IRQHandler
                0x0800126c                OTFDEC2_IRQHandler
                0x0800126c                CRS_IRQHandler
                0x0800126c                GPDMA1_Channel14_IRQHandler
                0x0800126c                LSECSSD_IRQHandler
                0x0800126c                EXTI4_IRQHandler
                0x0800126c                RTC_S_IRQHandler
                0x0800126c                GPDMA1_Channel13_IRQHandler
                0x0800126c                RNG_IRQHandler
                0x0800126c                COMP_IRQHandler
                0x0800126c                TIM1_UP_IRQHandler
                0x0800126c                ADC4_IRQHandler
                0x0800126c                WWDG_IRQHandler
                0x0800126c                I2C4_EV_IRQHandler
                0x0800126c                ADF1_IRQHandler
                0x0800126c                IWDG_IRQHandler
                0x0800126c                LPUART1_IRQHandler
                0x0800126c                MDF1_FLT0_IRQHandler
                0x0800126c                FDCAN1_IT0_IRQHandler
                0x0800126c                TIM2_IRQHandler
                0x0800126c                GPDMA1_Channel4_IRQHandler
                0x0800126c                EXTI7_IRQHandler
                0x0800126c                DMA2D_IRQHandler
                0x0800126c                TIM1_BRK_IRQHandler
                0x0800126c                EXTI1_IRQHandler
                0x0800126c                SDMMC2_IRQHandler
                0x0800126c                AES_IRQHandler
                0x0800126c                DAC1_IRQHandler
                0x0800126c                GTZC_IRQHandler
                0x0800126c                MDF1_FLT3_IRQHandler
                0x0800126c                USART2_IRQHandler
                0x0800126c                GPDMA1_Channel6_IRQHandler
                0x0800126c                I2C2_ER_IRQHandler
                0x0800126c                TIM8_BRK_IRQHandler
                0x0800126c                FLASH_IRQHandler
                0x0800126c                USART1_IRQHandler
                0x0800126c                EXTI10_IRQHandler
                0x0800126c                OTG_FS_IRQHandler
                0x0800126c                SPI3_IRQHandler
                0x0800126c                LPDMA1_Channel2_IRQHandler
                0x0800126c                I2C1_ER_IRQHandler
                0x0800126c                FMC_IRQHandler
                0x0800126c                EXTI6_IRQHandler
                0x0800126c                LPTIM1_IRQHandler
                0x0800126c                DCMI_PSSI_IRQHandler
                0x0800126c                I2C4_ER_IRQHandler
                0x0800126c                GPDMA1_Channel10_IRQHandler
                0x0800126c                ICACHE_IRQHandler
                0x0800126c                SAI1_IRQHandler
                0x0800126c                HASH_IRQHandler
 *fill*         0x0800126e        0x2 
 .text.HAL_Init
                0x08001270       0x60 ./Drivers/STM32U5xx_HAL_Driver/Src/stm32u5xx_hal.o
                0x08001270                HAL_Init
 .text.HAL_InitTick
                0x080012d0       0xec ./Drivers/STM32U5xx_HAL_Driver/Src/stm32u5xx_hal.o
                0x080012d0                HAL_InitTick
 .text.HAL_IncTick
                0x080013bc       0x28 ./Drivers/STM32U5xx_HAL_Driver/Src/stm32u5xx_hal.o
                0x080013bc                HAL_IncTick
 .text.HAL_GetTick
                0x080013e4       0x18 ./Drivers/STM32U5xx_HAL_Driver/Src/stm32u5xx_hal.o
                0x080013e4                HAL_GetTick
 .text.__NVIC_SetPriorityGrouping
                0x080013fc       0x48 ./Drivers/STM32U5xx_HAL_Driver/Src/stm32u5xx_hal_cortex.o
 .text.__NVIC_GetPriorityGrouping
                0x08001444       0x1c ./Drivers/STM32U5xx_HAL_Driver/Src/stm32u5xx_hal_cortex.o
 .text.__NVIC_EnableIRQ
                0x08001460       0x3c ./Drivers/STM32U5xx_HAL_Driver/Src/stm32u5xx_hal_cortex.o
 .text.__NVIC_SetPriority
                0x0800149c       0x54 ./Drivers/STM32U5xx_HAL_Driver/Src/stm32u5xx_hal_cortex.o
 .text.NVIC_EncodePriority
                0x080014f0       0x66 ./Drivers/STM32U5xx_HAL_Driver/Src/stm32u5xx_hal_cortex.o
 .text.HAL_NVIC_SetPriorityGrouping
                0x08001556       0x16 ./Drivers/STM32U5xx_HAL_Driver/Src/stm32u5xx_hal_cortex.o
                0x08001556                HAL_NVIC_SetPriorityGrouping
 .text.HAL_NVIC_SetPriority
                0x0800156c       0x34 ./Drivers/STM32U5xx_HAL_Driver/Src/stm32u5xx_hal_cortex.o
                0x0800156c                HAL_NVIC_SetPriority
 .text.HAL_NVIC_EnableIRQ
                0x080015a0       0x1c ./Drivers/STM32U5xx_HAL_Driver/Src/stm32u5xx_hal_cortex.o
                0x080015a0                HAL_NVIC_EnableIRQ
 .text.HAL_SYSTICK_Config
                0x080015bc       0x44 ./Drivers/STM32U5xx_HAL_Driver/Src/stm32u5xx_hal_cortex.o
                0x080015bc                HAL_SYSTICK_Config
 .text.HAL_SYSTICK_CLKSourceConfig
                0x08001600       0xb0 ./Drivers/STM32U5xx_HAL_Driver/Src/stm32u5xx_hal_cortex.o
                0x08001600                HAL_SYSTICK_CLKSourceConfig
 .text.HAL_SYSTICK_GetCLKSourceConfig
                0x080016b0       0x74 ./Drivers/STM32U5xx_HAL_Driver/Src/stm32u5xx_hal_cortex.o
                0x080016b0                HAL_SYSTICK_GetCLKSourceConfig
 .text.HAL_DMA_Abort
                0x08001724       0xf8 ./Drivers/STM32U5xx_HAL_Driver/Src/stm32u5xx_hal_dma.o
                0x08001724                HAL_DMA_Abort
 .text.HAL_DMA_Abort_IT
                0x0800181c       0x52 ./Drivers/STM32U5xx_HAL_Driver/Src/stm32u5xx_hal_dma.o
                0x0800181c                HAL_DMA_Abort_IT
 *fill*         0x0800186e        0x2 
 .text.HAL_GPIO_Init
                0x08001870      0x3b0 ./Drivers/STM32U5xx_HAL_Driver/Src/stm32u5xx_hal_gpio.o
                0x08001870                HAL_GPIO_Init
 .text.HAL_I2C_Init
                0x08001c20      0x136 ./Drivers/STM32U5xx_HAL_Driver/Src/stm32u5xx_hal_i2c.o
                0x08001c20                HAL_I2C_Init
 .text.HAL_I2C_EV_IRQHandler
                0x08001d56       0x34 ./Drivers/STM32U5xx_HAL_Driver/Src/stm32u5xx_hal_i2c.o
                0x08001d56                HAL_I2C_EV_IRQHandler
 .text.HAL_I2CEx_ConfigAnalogFilter
                0x08001d8a       0x96 ./Drivers/STM32U5xx_HAL_Driver/Src/stm32u5xx_hal_i2c_ex.o
                0x08001d8a                HAL_I2CEx_ConfigAnalogFilter
 .text.HAL_I2CEx_ConfigDigitalFilter
                0x08001e20       0x98 ./Drivers/STM32U5xx_HAL_Driver/Src/stm32u5xx_hal_i2c_ex.o
                0x08001e20                HAL_I2CEx_ConfigDigitalFilter
 .text.HAL_ICACHE_ConfigAssociativityMode
                0x08001eb8       0x40 ./Drivers/STM32U5xx_HAL_Driver/Src/stm32u5xx_hal_icache.o
                0x08001eb8                HAL_ICACHE_ConfigAssociativityMode
 .text.HAL_ICACHE_Enable
                0x08001ef8       0x20 ./Drivers/STM32U5xx_HAL_Driver/Src/stm32u5xx_hal_icache.o
                0x08001ef8                HAL_ICACHE_Enable
 .text.HAL_PWREx_ControlVoltageScaling
                0x08001f18       0xfc ./Drivers/STM32U5xx_HAL_Driver/Src/stm32u5xx_hal_pwr_ex.o
                0x08001f18                HAL_PWREx_ControlVoltageScaling
 .text.HAL_PWREx_GetVoltageRange
                0x08002014       0x1c ./Drivers/STM32U5xx_HAL_Driver/Src/stm32u5xx_hal_pwr_ex.o
                0x08002014                HAL_PWREx_GetVoltageRange
 .text.HAL_RCC_OscConfig
                0x08002030      0xdb8 ./Drivers/STM32U5xx_HAL_Driver/Src/stm32u5xx_hal_rcc.o
                0x08002030                HAL_RCC_OscConfig
 .text.HAL_RCC_ClockConfig
                0x08002de8      0x3e4 ./Drivers/STM32U5xx_HAL_Driver/Src/stm32u5xx_hal_rcc.o
                0x08002de8                HAL_RCC_ClockConfig
 .text.HAL_RCC_GetSysClockFreq
                0x080031cc      0x204 ./Drivers/STM32U5xx_HAL_Driver/Src/stm32u5xx_hal_rcc.o
                0x080031cc                HAL_RCC_GetSysClockFreq
 .text.HAL_RCC_GetHCLKFreq
                0x080033d0       0x34 ./Drivers/STM32U5xx_HAL_Driver/Src/stm32u5xx_hal_rcc.o
                0x080033d0                HAL_RCC_GetHCLKFreq
 .text.HAL_RCC_GetPCLK1Freq
                0x08003404       0x28 ./Drivers/STM32U5xx_HAL_Driver/Src/stm32u5xx_hal_rcc.o
                0x08003404                HAL_RCC_GetPCLK1Freq
 .text.HAL_RCC_GetPCLK2Freq
                0x0800342c       0x28 ./Drivers/STM32U5xx_HAL_Driver/Src/stm32u5xx_hal_rcc.o
                0x0800342c                HAL_RCC_GetPCLK2Freq
 .text.HAL_RCC_GetPCLK3Freq
                0x08003454       0x28 ./Drivers/STM32U5xx_HAL_Driver/Src/stm32u5xx_hal_rcc.o
                0x08003454                HAL_RCC_GetPCLK3Freq
 .text.RCC_SetFlashLatencyFromMSIRange
                0x0800347c      0x10c ./Drivers/STM32U5xx_HAL_Driver/Src/stm32u5xx_hal_rcc.o
 .text.HAL_RCCEx_PeriphCLKConfig
                0x08003588      0xb80 ./Drivers/STM32U5xx_HAL_Driver/Src/stm32u5xx_hal_rcc_ex.o
                0x08003588                HAL_RCCEx_PeriphCLKConfig
 .text.HAL_RCCEx_GetPLL1ClockFreq
                0x08004108      0x2b4 ./Drivers/STM32U5xx_HAL_Driver/Src/stm32u5xx_hal_rcc_ex.o
                0x08004108                HAL_RCCEx_GetPLL1ClockFreq
 .text.HAL_RCCEx_GetPLL2ClockFreq
                0x080043bc      0x2b4 ./Drivers/STM32U5xx_HAL_Driver/Src/stm32u5xx_hal_rcc_ex.o
                0x080043bc                HAL_RCCEx_GetPLL2ClockFreq
 .text.HAL_RCCEx_GetPLL3ClockFreq
                0x08004670      0x2b4 ./Drivers/STM32U5xx_HAL_Driver/Src/stm32u5xx_hal_rcc_ex.o
                0x08004670                HAL_RCCEx_GetPLL3ClockFreq
 .text.HAL_RCCEx_GetPeriphCLKFreq
                0x08004924     0x13c4 ./Drivers/STM32U5xx_HAL_Driver/Src/stm32u5xx_hal_rcc_ex.o
                0x08004924                HAL_RCCEx_GetPeriphCLKFreq
 .text.RCCEx_PLL2_Config
                0x08005ce8      0x130 ./Drivers/STM32U5xx_HAL_Driver/Src/stm32u5xx_hal_rcc_ex.o
 .text.RCCEx_PLL3_Config
                0x08005e18      0x130 ./Drivers/STM32U5xx_HAL_Driver/Src/stm32u5xx_hal_rcc_ex.o
 .text.HAL_RTC_Init
                0x08005f48      0x114 ./Drivers/STM32U5xx_HAL_Driver/Src/stm32u5xx_hal_rtc.o
                0x08005f48                HAL_RTC_Init
 .text.HAL_RTC_SetTime
                0x0800605c      0x138 ./Drivers/STM32U5xx_HAL_Driver/Src/stm32u5xx_hal_rtc.o
                0x0800605c                HAL_RTC_SetTime
 .text.HAL_RTC_SetDate
                0x08006194      0x10c ./Drivers/STM32U5xx_HAL_Driver/Src/stm32u5xx_hal_rtc.o
                0x08006194                HAL_RTC_SetDate
 .text.HAL_RTC_WaitForSynchro
                0x080062a0       0x64 ./Drivers/STM32U5xx_HAL_Driver/Src/stm32u5xx_hal_rtc.o
                0x080062a0                HAL_RTC_WaitForSynchro
 .text.RTC_EnterInitMode
                0x08006304       0x78 ./Drivers/STM32U5xx_HAL_Driver/Src/stm32u5xx_hal_rtc.o
                0x08006304                RTC_EnterInitMode
 .text.RTC_ExitInitMode
                0x0800637c       0x7c ./Drivers/STM32U5xx_HAL_Driver/Src/stm32u5xx_hal_rtc.o
                0x0800637c                RTC_ExitInitMode
 .text.RTC_ByteToBcd2
                0x080063f8       0x40 ./Drivers/STM32U5xx_HAL_Driver/Src/stm32u5xx_hal_rtc.o
                0x080063f8                RTC_ByteToBcd2
 .text.HAL_RTCEx_PrivilegeModeSet
                0x08006438       0x5c ./Drivers/STM32U5xx_HAL_Driver/Src/stm32u5xx_hal_rtc_ex.o
                0x08006438                HAL_RTCEx_PrivilegeModeSet
 .text.HAL_TIM_Base_Init
                0x08006494       0xae ./Drivers/STM32U5xx_HAL_Driver/Src/stm32u5xx_hal_tim.o
                0x08006494                HAL_TIM_Base_Init
 *fill*         0x08006542        0x2 
 .text.TIM_Base_SetConfig
                0x08006544      0x200 ./Drivers/STM32U5xx_HAL_Driver/Src/stm32u5xx_hal_tim.o
                0x08006544                TIM_Base_SetConfig
 .text.HAL_UART_Init
                0x08006744       0xa0 ./Drivers/STM32U5xx_HAL_Driver/Src/stm32u5xx_hal_uart.o
                0x08006744                HAL_UART_Init
 .text.HAL_UART_Transmit
                0x080067e4      0x13c ./Drivers/STM32U5xx_HAL_Driver/Src/stm32u5xx_hal_uart.o
                0x080067e4                HAL_UART_Transmit
 .text.HAL_UART_IRQHandler
                0x08006920      0x5b0 ./Drivers/STM32U5xx_HAL_Driver/Src/stm32u5xx_hal_uart.o
                0x08006920                HAL_UART_IRQHandler
 .text.HAL_UART_TxCpltCallback
                0x08006ed0       0x14 ./Drivers/STM32U5xx_HAL_Driver/Src/stm32u5xx_hal_uart.o
                0x08006ed0                HAL_UART_TxCpltCallback
 .text.HAL_UART_RxCpltCallback
                0x08006ee4       0x14 ./Drivers/STM32U5xx_HAL_Driver/Src/stm32u5xx_hal_uart.o
                0x08006ee4                HAL_UART_RxCpltCallback
 .text.HAL_UART_ErrorCallback
                0x08006ef8       0x14 ./Drivers/STM32U5xx_HAL_Driver/Src/stm32u5xx_hal_uart.o
                0x08006ef8                HAL_UART_ErrorCallback
 .text.UART_SetConfig
                0x08006f0c      0x344 ./Drivers/STM32U5xx_HAL_Driver/Src/stm32u5xx_hal_uart.o
                0x08006f0c                UART_SetConfig
 .text.UART_AdvFeatureConfig
                0x08007250      0x144 ./Drivers/STM32U5xx_HAL_Driver/Src/stm32u5xx_hal_uart.o
                0x08007250                UART_AdvFeatureConfig
 .text.UART_CheckIdleState
                0x08007394      0x154 ./Drivers/STM32U5xx_HAL_Driver/Src/stm32u5xx_hal_uart.o
                0x08007394                UART_CheckIdleState
 .text.UART_WaitOnFlagUntilTimeout
                0x080074e8       0xda ./Drivers/STM32U5xx_HAL_Driver/Src/stm32u5xx_hal_uart.o
                0x080074e8                UART_WaitOnFlagUntilTimeout
 *fill*         0x080075c2        0x2 
 .text.UART_Start_Receive_IT
                0x080075c4      0x244 ./Drivers/STM32U5xx_HAL_Driver/Src/stm32u5xx_hal_uart.o
                0x080075c4                UART_Start_Receive_IT
 .text.UART_EndRxTransfer
                0x08007808       0xcc ./Drivers/STM32U5xx_HAL_Driver/Src/stm32u5xx_hal_uart.o
 .text.UART_DMAAbortOnError
                0x080078d4       0x24 ./Drivers/STM32U5xx_HAL_Driver/Src/stm32u5xx_hal_uart.o
 .text.UART_EndTransmit_IT
                0x080078f8       0x56 ./Drivers/STM32U5xx_HAL_Driver/Src/stm32u5xx_hal_uart.o
 *fill*         0x0800794e        0x2 
 .text.UART_RxISR_8BIT
                0x08007950      0x1c4 ./Drivers/STM32U5xx_HAL_Driver/Src/stm32u5xx_hal_uart.o
 .text.UART_RxISR_16BIT
                0x08007b14      0x1c4 ./Drivers/STM32U5xx_HAL_Driver/Src/stm32u5xx_hal_uart.o
 .text.UART_RxISR_8BIT_FIFOEN
                0x08007cd8      0x370 ./Drivers/STM32U5xx_HAL_Driver/Src/stm32u5xx_hal_uart.o
 .text.UART_RxISR_16BIT_FIFOEN
                0x08008048      0x378 ./Drivers/STM32U5xx_HAL_Driver/Src/stm32u5xx_hal_uart.o
 .text.HAL_UARTEx_RxFifoFullCallback
                0x080083c0       0x14 ./Drivers/STM32U5xx_HAL_Driver/Src/stm32u5xx_hal_uart_ex.o
                0x080083c0                HAL_UARTEx_RxFifoFullCallback
 .text.HAL_UARTEx_TxFifoEmptyCallback
                0x080083d4       0x14 ./Drivers/STM32U5xx_HAL_Driver/Src/stm32u5xx_hal_uart_ex.o
                0x080083d4                HAL_UARTEx_TxFifoEmptyCallback
 .text.HAL_UARTEx_DisableFifoMode
                0x080083e8       0x72 ./Drivers/STM32U5xx_HAL_Driver/Src/stm32u5xx_hal_uart_ex.o
                0x080083e8                HAL_UARTEx_DisableFifoMode
 .text.HAL_UARTEx_SetTxFifoThreshold
                0x0800845a       0x7c ./Drivers/STM32U5xx_HAL_Driver/Src/stm32u5xx_hal_uart_ex.o
                0x0800845a                HAL_UARTEx_SetTxFifoThreshold
 .text.HAL_UARTEx_SetRxFifoThreshold
                0x080084d6       0x7c ./Drivers/STM32U5xx_HAL_Driver/Src/stm32u5xx_hal_uart_ex.o
                0x080084d6                HAL_UARTEx_SetRxFifoThreshold
 .text.HAL_UARTEx_ReceiveToIdle_IT
                0x08008552       0xbe ./Drivers/STM32U5xx_HAL_Driver/Src/stm32u5xx_hal_uart_ex.o
                0x08008552                HAL_UARTEx_ReceiveToIdle_IT
 .text.UARTEx_SetNbDataToProcess
                0x08008610       0x9c ./Drivers/STM32U5xx_HAL_Driver/Src/stm32u5xx_hal_uart_ex.o
 .text.malloc   0x080086ac       0x10 C:/ST/STM32CubeIDE_1.17.0/STM32CubeIDE/plugins/com.st.stm32cube.ide.mcu.externaltools.gnu-tools-for-stm32.13.3.rel1.win32_1.0.0.202411081344/tools/bin/../lib/gcc/arm-none-eabi/13.3.1/../../../../arm-none-eabi/lib/thumb/v8-m.main+fp/hard\libc_nano.a(libc_a-malloc.o)
                0x080086ac                malloc
 .text.sbrk_aligned
                0x080086bc       0x44 C:/ST/STM32CubeIDE_1.17.0/STM32CubeIDE/plugins/com.st.stm32cube.ide.mcu.externaltools.gnu-tools-for-stm32.13.3.rel1.win32_1.0.0.202411081344/tools/bin/../lib/gcc/arm-none-eabi/13.3.1/../../../../arm-none-eabi/lib/thumb/v8-m.main+fp/hard\libc_nano.a(libc_a-mallocr.o)
 .text._malloc_r
                0x08008700      0x100 C:/ST/STM32CubeIDE_1.17.0/STM32CubeIDE/plugins/com.st.stm32cube.ide.mcu.externaltools.gnu-tools-for-stm32.13.3.rel1.win32_1.0.0.202411081344/tools/bin/../lib/gcc/arm-none-eabi/13.3.1/../../../../arm-none-eabi/lib/thumb/v8-m.main+fp/hard\libc_nano.a(libc_a-mallocr.o)
                0x08008700                _malloc_r
 .text.__malloc_lock
                0x08008800        0xc C:/ST/STM32CubeIDE_1.17.0/STM32CubeIDE/plugins/com.st.stm32cube.ide.mcu.externaltools.gnu-tools-for-stm32.13.3.rel1.win32_1.0.0.202411081344/tools/bin/../lib/gcc/arm-none-eabi/13.3.1/../../../../arm-none-eabi/lib/thumb/v8-m.main+fp/hard\libc_nano.a(libc_a-mlock.o)
                0x08008800                __malloc_lock
 .text.__malloc_unlock
                0x0800880c        0xc C:/ST/STM32CubeIDE_1.17.0/STM32CubeIDE/plugins/com.st.stm32cube.ide.mcu.externaltools.gnu-tools-for-stm32.13.3.rel1.win32_1.0.0.202411081344/tools/bin/../lib/gcc/arm-none-eabi/13.3.1/../../../../arm-none-eabi/lib/thumb/v8-m.main+fp/hard\libc_nano.a(libc_a-mlock.o)
                0x0800880c                __malloc_unlock
 .text.memset   0x08008818       0x10 C:/ST/STM32CubeIDE_1.17.0/STM32CubeIDE/plugins/com.st.stm32cube.ide.mcu.externaltools.gnu-tools-for-stm32.13.3.rel1.win32_1.0.0.202411081344/tools/bin/../lib/gcc/arm-none-eabi/13.3.1/../../../../arm-none-eabi/lib/thumb/v8-m.main+fp/hard\libc_nano.a(libc_a-memset.o)
                0x08008818                memset
 .text._sbrk_r  0x08008828       0x20 C:/ST/STM32CubeIDE_1.17.0/STM32CubeIDE/plugins/com.st.stm32cube.ide.mcu.externaltools.gnu-tools-for-stm32.13.3.rel1.win32_1.0.0.202411081344/tools/bin/../lib/gcc/arm-none-eabi/13.3.1/../../../../arm-none-eabi/lib/thumb/v8-m.main+fp/hard\libc_nano.a(libc_a-sbrkr.o)
                0x08008828                _sbrk_r
 .text.__errno  0x08008848        0xc C:/ST/STM32CubeIDE_1.17.0/STM32CubeIDE/plugins/com.st.stm32cube.ide.mcu.externaltools.gnu-tools-for-stm32.13.3.rel1.win32_1.0.0.202411081344/tools/bin/../lib/gcc/arm-none-eabi/13.3.1/../../../../arm-none-eabi/lib/thumb/v8-m.main+fp/hard\libc_nano.a(libc_a-errno.o)
                0x08008848                __errno
 .text.__libc_init_array
                0x08008854       0x48 C:/ST/STM32CubeIDE_1.17.0/STM32CubeIDE/plugins/com.st.stm32cube.ide.mcu.externaltools.gnu-tools-for-stm32.13.3.rel1.win32_1.0.0.202411081344/tools/bin/../lib/gcc/arm-none-eabi/13.3.1/../../../../arm-none-eabi/lib/thumb/v8-m.main+fp/hard\libc_nano.a(libc_a-init.o)
                0x08008854                __libc_init_array
 .text.__retarget_lock_acquire_recursive
                0x0800889c        0x2 C:/ST/STM32CubeIDE_1.17.0/STM32CubeIDE/plugins/com.st.stm32cube.ide.mcu.externaltools.gnu-tools-for-stm32.13.3.rel1.win32_1.0.0.202411081344/tools/bin/../lib/gcc/arm-none-eabi/13.3.1/../../../../arm-none-eabi/lib/thumb/v8-m.main+fp/hard\libc_nano.a(libc_a-lock.o)
                0x0800889c                __retarget_lock_acquire_recursive
 .text.__retarget_lock_release_recursive
                0x0800889e        0x2 C:/ST/STM32CubeIDE_1.17.0/STM32CubeIDE/plugins/com.st.stm32cube.ide.mcu.externaltools.gnu-tools-for-stm32.13.3.rel1.win32_1.0.0.202411081344/tools/bin/../lib/gcc/arm-none-eabi/13.3.1/../../../../arm-none-eabi/lib/thumb/v8-m.main+fp/hard\libc_nano.a(libc_a-lock.o)
                0x0800889e                __retarget_lock_release_recursive
 .text.memcpy   0x080088a0       0x1a C:/ST/STM32CubeIDE_1.17.0/STM32CubeIDE/plugins/com.st.stm32cube.ide.mcu.externaltools.gnu-tools-for-stm32.13.3.rel1.win32_1.0.0.202411081344/tools/bin/../lib/gcc/arm-none-eabi/13.3.1/../../../../arm-none-eabi/lib/thumb/v8-m.main+fp/hard\libc_nano.a(libc_a-memcpy-stub.o)
                0x080088a0                memcpy
 *(.glue_7)
 .glue_7        0x080088ba        0x0 linker stubs
 *(.glue_7t)
 .glue_7t       0x080088ba        0x0 linker stubs
 *(.eh_frame)
 *fill*         0x080088ba        0x2 
 .eh_frame      0x080088bc        0x0 C:/ST/STM32CubeIDE_1.17.0/STM32CubeIDE/plugins/com.st.stm32cube.ide.mcu.externaltools.gnu-tools-for-stm32.13.3.rel1.win32_1.0.0.202411081344/tools/bin/../lib/gcc/arm-none-eabi/13.3.1/thumb/v8-m.main+fp/hard/crtbegin.o
 *(.init)
 .init          0x080088bc        0x4 C:/ST/STM32CubeIDE_1.17.0/STM32CubeIDE/plugins/com.st.stm32cube.ide.mcu.externaltools.gnu-tools-for-stm32.13.3.rel1.win32_1.0.0.202411081344/tools/bin/../lib/gcc/arm-none-eabi/13.3.1/thumb/v8-m.main+fp/hard/crti.o
                0x080088bc                _init
 .init          0x080088c0        0x8 C:/ST/STM32CubeIDE_1.17.0/STM32CubeIDE/plugins/com.st.stm32cube.ide.mcu.externaltools.gnu-tools-for-stm32.13.3.rel1.win32_1.0.0.202411081344/tools/bin/../lib/gcc/arm-none-eabi/13.3.1/thumb/v8-m.main+fp/hard/crtn.o
 *(.fini)
 .fini          0x080088c8        0x4 C:/ST/STM32CubeIDE_1.17.0/STM32CubeIDE/plugins/com.st.stm32cube.ide.mcu.externaltools.gnu-tools-for-stm32.13.3.rel1.win32_1.0.0.202411081344/tools/bin/../lib/gcc/arm-none-eabi/13.3.1/thumb/v8-m.main+fp/hard/crti.o
                0x080088c8                _fini
 .fini          0x080088cc        0x8 C:/ST/STM32CubeIDE_1.17.0/STM32CubeIDE/plugins/com.st.stm32cube.ide.mcu.externaltools.gnu-tools-for-stm32.13.3.rel1.win32_1.0.0.202411081344/tools/bin/../lib/gcc/arm-none-eabi/13.3.1/thumb/v8-m.main+fp/hard/crtn.o
                0x080088d4                        _etext = .

.vfp11_veneer   0x080088d4        0x0
 .vfp11_veneer  0x080088d4        0x0 linker stubs

.v4_bx          0x080088d4        0x0
 .v4_bx         0x080088d4        0x0 linker stubs

.iplt           0x080088d4        0x0
 .iplt          0x080088d4        0x0 C:/ST/STM32CubeIDE_1.17.0/STM32CubeIDE/plugins/com.st.stm32cube.ide.mcu.externaltools.gnu-tools-for-stm32.13.3.rel1.win32_1.0.0.202411081344/tools/bin/../lib/gcc/arm-none-eabi/13.3.1/thumb/v8-m.main+fp/hard/crtbegin.o

.rodata         0x080088d4      0x100
 *(.rodata)
 *(.rodata*)
 .rodata.AHBPrescTable
                0x080088d4       0x10 ./Core/Src/system_stm32u5xx.o
                0x080088d4                AHBPrescTable
 .rodata.APBPrescTable
                0x080088e4        0x8 ./Core/Src/system_stm32u5xx.o
                0x080088e4                APBPrescTable
 .rodata.MSIRangeTable
                0x080088ec       0x40 ./Core/Src/system_stm32u5xx.o
                0x080088ec                MSIRangeTable
 .rodata.LPGPIO_Map
                0x0800892c       0x80 ./Drivers/STM32U5xx_HAL_Driver/Src/stm32u5xx_hal_gpio.o
 .rodata.UARTPrescTable
                0x080089ac       0x18 ./Drivers/STM32U5xx_HAL_Driver/Src/stm32u5xx_hal_uart.o
                0x080089ac                UARTPrescTable
 .rodata.numerator.1
                0x080089c4        0x8 ./Drivers/STM32U5xx_HAL_Driver/Src/stm32u5xx_hal_uart_ex.o
 .rodata.denominator.0
                0x080089cc        0x8 ./Drivers/STM32U5xx_HAL_Driver/Src/stm32u5xx_hal_uart_ex.o

.ARM.extab
 *(.ARM.extab* .gnu.linkonce.armextab.*)

.ARM            0x080089d4        0x8
                0x080089d4                        __exidx_start = .
 *(.ARM.exidx*)
 .ARM.exidx     0x080089d4        0x8 C:/ST/STM32CubeIDE_1.17.0/STM32CubeIDE/plugins/com.st.stm32cube.ide.mcu.externaltools.gnu-tools-for-stm32.13.3.rel1.win32_1.0.0.202411081344/tools/bin/../lib/gcc/arm-none-eabi/13.3.1/thumb/v8-m.main+fp/hard\libgcc.a(_udivmoddi4.o)
                0x080089dc                        __exidx_end = .

.preinit_array  0x080089dc        0x0
                0x080089dc                        PROVIDE (__preinit_array_start = .)
 *(.preinit_array*)
                0x080089dc                        PROVIDE (__preinit_array_end = .)

.init_array     0x080089dc        0x4
                0x080089dc                        PROVIDE (__init_array_start = .)
 *(SORT_BY_NAME(.init_array.*))
 *(.init_array*)
 .init_array    0x080089dc        0x4 C:/ST/STM32CubeIDE_1.17.0/STM32CubeIDE/plugins/com.st.stm32cube.ide.mcu.externaltools.gnu-tools-for-stm32.13.3.rel1.win32_1.0.0.202411081344/tools/bin/../lib/gcc/arm-none-eabi/13.3.1/thumb/v8-m.main+fp/hard/crtbegin.o
                0x080089e0                        PROVIDE (__init_array_end = .)

.fini_array     0x080089e0        0x4
                [!provide]                        PROVIDE (__fini_array_start = .)
 *(SORT_BY_NAME(.fini_array.*))
 *(.fini_array*)
 .fini_array    0x080089e0        0x4 C:/ST/STM32CubeIDE_1.17.0/STM32CubeIDE/plugins/com.st.stm32cube.ide.mcu.externaltools.gnu-tools-for-stm32.13.3.rel1.win32_1.0.0.202411081344/tools/bin/../lib/gcc/arm-none-eabi/13.3.1/thumb/v8-m.main+fp/hard/crtbegin.o
                [!provide]                        PROVIDE (__fini_array_end = .)
                0x080089e4                        _sidata = LOADADDR (.data)

.rel.dyn        0x080089e4        0x0
 .rel.iplt      0x080089e4        0x0 C:/ST/STM32CubeIDE_1.17.0/STM32CubeIDE/plugins/com.st.stm32cube.ide.mcu.externaltools.gnu-tools-for-stm32.13.3.rel1.win32_1.0.0.202411081344/tools/bin/../lib/gcc/arm-none-eabi/13.3.1/thumb/v8-m.main+fp/hard/crtbegin.o

.data           0x20000000       0x5c load address 0x080089e4
                0x20000000                        _sdata = .
 *(.data)
 *(.data*)
 .data.SystemCoreClock
                0x20000000        0x4 ./Core/Src/system_stm32u5xx.o
                0x20000000                SystemCoreClock
 .data.uwTickPrio
                0x20000004        0x4 ./Drivers/STM32U5xx_HAL_Driver/Src/stm32u5xx_hal.o
                0x20000004                uwTickPrio
 .data.uwTickFreq
                0x20000008        0x1 ./Drivers/STM32U5xx_HAL_Driver/Src/stm32u5xx_hal.o
                0x20000008                uwTickFreq
 *fill*         0x20000009        0x3 
 .data._impure_ptr
                0x2000000c        0x4 C:/ST/STM32CubeIDE_1.17.0/STM32CubeIDE/plugins/com.st.stm32cube.ide.mcu.externaltools.gnu-tools-for-stm32.13.3.rel1.win32_1.0.0.202411081344/tools/bin/../lib/gcc/arm-none-eabi/13.3.1/../../../../arm-none-eabi/lib/thumb/v8-m.main+fp/hard\libc_nano.a(libc_a-impure.o)
                0x2000000c                _impure_ptr
 .data._impure_data
                0x20000010       0x4c C:/ST/STM32CubeIDE_1.17.0/STM32CubeIDE/plugins/com.st.stm32cube.ide.mcu.externaltools.gnu-tools-for-stm32.13.3.rel1.win32_1.0.0.202411081344/tools/bin/../lib/gcc/arm-none-eabi/13.3.1/../../../../arm-none-eabi/lib/thumb/v8-m.main+fp/hard\libc_nano.a(libc_a-impure.o)
                0x20000010                _impure_data
 *(.RamFunc)
 *(.RamFunc*)
                0x2000005c                        _edata = .

.igot.plt       0x2000005c        0x0 load address 0x08008a40
 .igot.plt      0x2000005c        0x0 C:/ST/STM32CubeIDE_1.17.0/STM32CubeIDE/plugins/com.st.stm32cube.ide.mcu.externaltools.gnu-tools-for-stm32.13.3.rel1.win32_1.0.0.202411081344/tools/bin/../lib/gcc/arm-none-eabi/13.3.1/thumb/v8-m.main+fp/hard/crtbegin.o

.bss            0x2000005c      0x371 load address 0x08008a40
                0x2000005c                        _sbss = .
                0x2000005c                        __bss_start__ = _sbss
 *(.bss)
 .bss           0x2000005c       0x1c C:/ST/STM32CubeIDE_1.17.0/STM32CubeIDE/plugins/com.st.stm32cube.ide.mcu.externaltools.gnu-tools-for-stm32.13.3.rel1.win32_1.0.0.202411081344/tools/bin/../lib/gcc/arm-none-eabi/13.3.1/thumb/v8-m.main+fp/hard/crtbegin.o
 *(.bss*)
 .bss.data_handler
                0x20000078        0x4 ./Core/Src/data_handler.o
 .bss.data_handler_buffer
                0x2000007c        0xa ./Core/Src/data_handler.o
 *fill*         0x20000086        0x2 
 .bss.data_handler_buffer_out
                0x20000088        0xa ./Core/Src/data_handler.o
 *fill*         0x20000092        0x2 
 .bss.hi2c2     0x20000094       0x54 ./Core/Src/main.o
                0x20000094                hi2c2
 .bss.hrtc      0x200000e8       0x30 ./Core/Src/main.o
                0x200000e8                hrtc
 .bss.htim16    0x20000118       0x4c ./Core/Src/main.o
                0x20000118                htim16
 .bss.huart4    0x20000164       0x94 ./Core/Src/main.o
                0x20000164                huart4
 .bss.__sbrk_heap_end
                0x200001f8        0x4 ./Core/Src/sysmem.o
 .bss.temp_sensor
                0x200001fc        0x4 ./Core/Src/temp_sensor.o
 .bss.uart_handler
                0x20000200        0x4 ./Core/Src/uart_handler.o
 .bss.tx_buffer
                0x20000204       0x40 ./Core/Src/uart_handler.o
 .bss.rx_buffer
                0x20000244       0x40 ./Core/Src/uart_handler.o
 .bss.uwTick    0x20000284        0x4 ./Drivers/STM32U5xx_HAL_Driver/Src/stm32u5xx_hal.o
                0x20000284                uwTick
 .bss.__malloc_sbrk_start
                0x20000288        0x4 C:/ST/STM32CubeIDE_1.17.0/STM32CubeIDE/plugins/com.st.stm32cube.ide.mcu.externaltools.gnu-tools-for-stm32.13.3.rel1.win32_1.0.0.202411081344/tools/bin/../lib/gcc/arm-none-eabi/13.3.1/../../../../arm-none-eabi/lib/thumb/v8-m.main+fp/hard\libc_nano.a(libc_a-mallocr.o)
                0x20000288                __malloc_sbrk_start
 .bss.__malloc_free_list
                0x2000028c        0x4 C:/ST/STM32CubeIDE_1.17.0/STM32CubeIDE/plugins/com.st.stm32cube.ide.mcu.externaltools.gnu-tools-for-stm32.13.3.rel1.win32_1.0.0.202411081344/tools/bin/../lib/gcc/arm-none-eabi/13.3.1/../../../../arm-none-eabi/lib/thumb/v8-m.main+fp/hard\libc_nano.a(libc_a-mallocr.o)
                0x2000028c                __malloc_free_list
 .bss.__sf      0x20000290      0x138 C:/ST/STM32CubeIDE_1.17.0/STM32CubeIDE/plugins/com.st.stm32cube.ide.mcu.externaltools.gnu-tools-for-stm32.13.3.rel1.win32_1.0.0.202411081344/tools/bin/../lib/gcc/arm-none-eabi/13.3.1/../../../../arm-none-eabi/lib/thumb/v8-m.main+fp/hard\libc_nano.a(libc_a-findfp.o)
                0x20000290                __sf
 .bss.errno     0x200003c8        0x4 C:/ST/STM32CubeIDE_1.17.0/STM32CubeIDE/plugins/com.st.stm32cube.ide.mcu.externaltools.gnu-tools-for-stm32.13.3.rel1.win32_1.0.0.202411081344/tools/bin/../lib/gcc/arm-none-eabi/13.3.1/../../../../arm-none-eabi/lib/thumb/v8-m.main+fp/hard\libc_nano.a(libc_a-reent.o)
                0x200003c8                errno
 .bss.__lock___malloc_recursive_mutex
                0x200003cc        0x1 C:/ST/STM32CubeIDE_1.17.0/STM32CubeIDE/plugins/com.st.stm32cube.ide.mcu.externaltools.gnu-tools-for-stm32.13.3.rel1.win32_1.0.0.202411081344/tools/bin/../lib/gcc/arm-none-eabi/13.3.1/../../../../arm-none-eabi/lib/thumb/v8-m.main+fp/hard\libc_nano.a(libc_a-lock.o)
                0x200003cc                __lock___malloc_recursive_mutex
 *(COMMON)
                0x200003cd                        _ebss = .
                0x200003cd                        __bss_end__ = _ebss

._user_heap_stack
                0x200003cd      0x603 load address 0x08008a40
                0x200003d0                        . = ALIGN (0x8)
 *fill*         0x200003cd        0x3 
                [!provide]                        PROVIDE (end = .)
                0x200003d0                        PROVIDE (_end = .)
                0x200005d0                        . = (. + _Min_Heap_Size)
 *fill*         0x200003d0      0x200 
                0x200009d0                        . = (. + _Min_Stack_Size)
 *fill*         0x200005d0      0x400 
                0x200009d0                        . = ALIGN (0x8)

/DISCARD/
 libc.a(*)
 libm.a(*)
 libgcc.a(*)

.ARM.attributes
                0x00000000       0x36
 *(.ARM.attributes)
 .ARM.attributes
                0x00000000       0x26 C:/ST/STM32CubeIDE_1.17.0/STM32CubeIDE/plugins/com.st.stm32cube.ide.mcu.externaltools.gnu-tools-for-stm32.13.3.rel1.win32_1.0.0.202411081344/tools/bin/../lib/gcc/arm-none-eabi/13.3.1/thumb/v8-m.main+fp/hard/crti.o
 .ARM.attributes
                0x00000026       0x38 C:/ST/STM32CubeIDE_1.17.0/STM32CubeIDE/plugins/com.st.stm32cube.ide.mcu.externaltools.gnu-tools-for-stm32.13.3.rel1.win32_1.0.0.202411081344/tools/bin/../lib/gcc/arm-none-eabi/13.3.1/thumb/v8-m.main+fp/hard/crtbegin.o
 .ARM.attributes
                0x0000005e       0x3a ./Core/Src/data_handler.o
 .ARM.attributes
                0x00000098       0x3a ./Core/Src/main.o
 .ARM.attributes
                0x000000d2       0x3a ./Core/Src/sensors_interface.o
 .ARM.attributes
                0x0000010c       0x3a ./Core/Src/stm32u5xx_hal_msp.o
 .ARM.attributes
                0x00000146       0x3a ./Core/Src/stm32u5xx_it.o
 .ARM.attributes
                0x00000180       0x3a ./Core/Src/sysmem.o
 .ARM.attributes
                0x000001ba       0x3a ./Core/Src/system_stm32u5xx.o
 .ARM.attributes
                0x000001f4       0x3a ./Core/Src/temp_sensor.o
 .ARM.attributes
                0x0000022e       0x3a ./Core/Src/uart_handler.o
 .ARM.attributes
                0x00000268       0x24 ./Core/Startup/startup_stm32u585aiixq.o
 .ARM.attributes
                0x0000028c       0x3a ./Drivers/STM32U5xx_HAL_Driver/Src/stm32u5xx_hal.o
 .ARM.attributes
                0x000002c6       0x3a ./Drivers/STM32U5xx_HAL_Driver/Src/stm32u5xx_hal_cortex.o
 .ARM.attributes
                0x00000300       0x3a ./Drivers/STM32U5xx_HAL_Driver/Src/stm32u5xx_hal_dma.o
 .ARM.attributes
                0x0000033a       0x3a ./Drivers/STM32U5xx_HAL_Driver/Src/stm32u5xx_hal_gpio.o
 .ARM.attributes
                0x00000374       0x3a ./Drivers/STM32U5xx_HAL_Driver/Src/stm32u5xx_hal_i2c.o
 .ARM.attributes
                0x000003ae       0x3a ./Drivers/STM32U5xx_HAL_Driver/Src/stm32u5xx_hal_i2c_ex.o
 .ARM.attributes
                0x000003e8       0x3a ./Drivers/STM32U5xx_HAL_Driver/Src/stm32u5xx_hal_icache.o
 .ARM.attributes
                0x00000422       0x3a ./Drivers/STM32U5xx_HAL_Driver/Src/stm32u5xx_hal_pwr_ex.o
 .ARM.attributes
                0x0000045c       0x3a ./Drivers/STM32U5xx_HAL_Driver/Src/stm32u5xx_hal_rcc.o
 .ARM.attributes
                0x00000496       0x3a ./Drivers/STM32U5xx_HAL_Driver/Src/stm32u5xx_hal_rcc_ex.o
 .ARM.attributes
                0x000004d0       0x3a ./Drivers/STM32U5xx_HAL_Driver/Src/stm32u5xx_hal_rtc.o
 .ARM.attributes
                0x0000050a       0x3a ./Drivers/STM32U5xx_HAL_Driver/Src/stm32u5xx_hal_rtc_ex.o
 .ARM.attributes
                0x00000544       0x3a ./Drivers/STM32U5xx_HAL_Driver/Src/stm32u5xx_hal_tim.o
 .ARM.attributes
                0x0000057e       0x3a ./Drivers/STM32U5xx_HAL_Driver/Src/stm32u5xx_hal_uart.o
 .ARM.attributes
                0x000005b8       0x3a ./Drivers/STM32U5xx_HAL_Driver/Src/stm32u5xx_hal_uart_ex.o
 .ARM.attributes
                0x000005f2       0x38 C:/ST/STM32CubeIDE_1.17.0/STM32CubeIDE/plugins/com.st.stm32cube.ide.mcu.externaltools.gnu-tools-for-stm32.13.3.rel1.win32_1.0.0.202411081344/tools/bin/../lib/gcc/arm-none-eabi/13.3.1/../../../../arm-none-eabi/lib/thumb/v8-m.main+fp/hard\libc_nano.a(libc_a-malloc.o)
 .ARM.attributes
                0x0000062a       0x38 C:/ST/STM32CubeIDE_1.17.0/STM32CubeIDE/plugins/com.st.stm32cube.ide.mcu.externaltools.gnu-tools-for-stm32.13.3.rel1.win32_1.0.0.202411081344/tools/bin/../lib/gcc/arm-none-eabi/13.3.1/../../../../arm-none-eabi/lib/thumb/v8-m.main+fp/hard\libc_nano.a(libc_a-mallocr.o)
 .ARM.attributes
                0x00000662       0x38 C:/ST/STM32CubeIDE_1.17.0/STM32CubeIDE/plugins/com.st.stm32cube.ide.mcu.externaltools.gnu-tools-for-stm32.13.3.rel1.win32_1.0.0.202411081344/tools/bin/../lib/gcc/arm-none-eabi/13.3.1/../../../../arm-none-eabi/lib/thumb/v8-m.main+fp/hard\libc_nano.a(libc_a-mlock.o)
 .ARM.attributes
                0x0000069a       0x38 C:/ST/STM32CubeIDE_1.17.0/STM32CubeIDE/plugins/com.st.stm32cube.ide.mcu.externaltools.gnu-tools-for-stm32.13.3.rel1.win32_1.0.0.202411081344/tools/bin/../lib/gcc/arm-none-eabi/13.3.1/../../../../arm-none-eabi/lib/thumb/v8-m.main+fp/hard\libc_nano.a(libc_a-findfp.o)
 .ARM.attributes
                0x000006d2       0x38 C:/ST/STM32CubeIDE_1.17.0/STM32CubeIDE/plugins/com.st.stm32cube.ide.mcu.externaltools.gnu-tools-for-stm32.13.3.rel1.win32_1.0.0.202411081344/tools/bin/../lib/gcc/arm-none-eabi/13.3.1/../../../../arm-none-eabi/lib/thumb/v8-m.main+fp/hard\libc_nano.a(libc_a-memset.o)
 .ARM.attributes
                0x0000070a       0x38 C:/ST/STM32CubeIDE_1.17.0/STM32CubeIDE/plugins/com.st.stm32cube.ide.mcu.externaltools.gnu-tools-for-stm32.13.3.rel1.win32_1.0.0.202411081344/tools/bin/../lib/gcc/arm-none-eabi/13.3.1/../../../../arm-none-eabi/lib/thumb/v8-m.main+fp/hard\libc_nano.a(libc_a-reent.o)
 .ARM.attributes
                0x00000742       0x38 C:/ST/STM32CubeIDE_1.17.0/STM32CubeIDE/plugins/com.st.stm32cube.ide.mcu.externaltools.gnu-tools-for-stm32.13.3.rel1.win32_1.0.0.202411081344/tools/bin/../lib/gcc/arm-none-eabi/13.3.1/../../../../arm-none-eabi/lib/thumb/v8-m.main+fp/hard\libc_nano.a(libc_a-impure.o)
 .ARM.attributes
                0x0000077a       0x38 C:/ST/STM32CubeIDE_1.17.0/STM32CubeIDE/plugins/com.st.stm32cube.ide.mcu.externaltools.gnu-tools-for-stm32.13.3.rel1.win32_1.0.0.202411081344/tools/bin/../lib/gcc/arm-none-eabi/13.3.1/../../../../arm-none-eabi/lib/thumb/v8-m.main+fp/hard\libc_nano.a(libc_a-sbrkr.o)
 .ARM.attributes
                0x000007b2       0x38 C:/ST/STM32CubeIDE_1.17.0/STM32CubeIDE/plugins/com.st.stm32cube.ide.mcu.externaltools.gnu-tools-for-stm32.13.3.rel1.win32_1.0.0.202411081344/tools/bin/../lib/gcc/arm-none-eabi/13.3.1/../../../../arm-none-eabi/lib/thumb/v8-m.main+fp/hard\libc_nano.a(libc_a-errno.o)
 .ARM.attributes
                0x000007ea       0x38 C:/ST/STM32CubeIDE_1.17.0/STM32CubeIDE/plugins/com.st.stm32cube.ide.mcu.externaltools.gnu-tools-for-stm32.13.3.rel1.win32_1.0.0.202411081344/tools/bin/../lib/gcc/arm-none-eabi/13.3.1/../../../../arm-none-eabi/lib/thumb/v8-m.main+fp/hard\libc_nano.a(libc_a-init.o)
 .ARM.attributes
                0x00000822       0x38 C:/ST/STM32CubeIDE_1.17.0/STM32CubeIDE/plugins/com.st.stm32cube.ide.mcu.externaltools.gnu-tools-for-stm32.13.3.rel1.win32_1.0.0.202411081344/tools/bin/../lib/gcc/arm-none-eabi/13.3.1/../../../../arm-none-eabi/lib/thumb/v8-m.main+fp/hard\libc_nano.a(libc_a-lock.o)
 .ARM.attributes
                0x0000085a       0x38 C:/ST/STM32CubeIDE_1.17.0/STM32CubeIDE/plugins/com.st.stm32cube.ide.mcu.externaltools.gnu-tools-for-stm32.13.3.rel1.win32_1.0.0.202411081344/tools/bin/../lib/gcc/arm-none-eabi/13.3.1/../../../../arm-none-eabi/lib/thumb/v8-m.main+fp/hard\libc_nano.a(libc_a-memcpy-stub.o)
 .ARM.attributes
                0x00000892       0x26 C:/ST/STM32CubeIDE_1.17.0/STM32CubeIDE/plugins/com.st.stm32cube.ide.mcu.externaltools.gnu-tools-for-stm32.13.3.rel1.win32_1.0.0.202411081344/tools/bin/../lib/gcc/arm-none-eabi/13.3.1/thumb/v8-m.main+fp/hard\libgcc.a(_aeabi_uldivmod.o)
 .ARM.attributes
                0x000008b8       0x38 C:/ST/STM32CubeIDE_1.17.0/STM32CubeIDE/plugins/com.st.stm32cube.ide.mcu.externaltools.gnu-tools-for-stm32.13.3.rel1.win32_1.0.0.202411081344/tools/bin/../lib/gcc/arm-none-eabi/13.3.1/thumb/v8-m.main+fp/hard\libgcc.a(_udivmoddi4.o)
 .ARM.attributes
                0x000008f0       0x26 C:/ST/STM32CubeIDE_1.17.0/STM32CubeIDE/plugins/com.st.stm32cube.ide.mcu.externaltools.gnu-tools-for-stm32.13.3.rel1.win32_1.0.0.202411081344/tools/bin/../lib/gcc/arm-none-eabi/13.3.1/thumb/v8-m.main+fp/hard\libgcc.a(_dvmd_tls.o)
 .ARM.attributes
                0x00000916       0x26 C:/ST/STM32CubeIDE_1.17.0/STM32CubeIDE/plugins/com.st.stm32cube.ide.mcu.externaltools.gnu-tools-for-stm32.13.3.rel1.win32_1.0.0.202411081344/tools/bin/../lib/gcc/arm-none-eabi/13.3.1/thumb/v8-m.main+fp/hard/crtn.o
OUTPUT(health_monitoring_wearable_mainMCU.elf elf32-littlearm)
LOAD linker stubs
LOAD C:/ST/STM32CubeIDE_1.17.0/STM32CubeIDE/plugins/com.st.stm32cube.ide.mcu.externaltools.gnu-tools-for-stm32.13.3.rel1.win32_1.0.0.202411081344/tools/bin/../lib/gcc/arm-none-eabi/13.3.1/../../../../arm-none-eabi/lib/thumb/v8-m.main+fp/hard\libc.a
LOAD C:/ST/STM32CubeIDE_1.17.0/STM32CubeIDE/plugins/com.st.stm32cube.ide.mcu.externaltools.gnu-tools-for-stm32.13.3.rel1.win32_1.0.0.202411081344/tools/bin/../lib/gcc/arm-none-eabi/13.3.1/../../../../arm-none-eabi/lib/thumb/v8-m.main+fp/hard\libm.a
LOAD C:/ST/STM32CubeIDE_1.17.0/STM32CubeIDE/plugins/com.st.stm32cube.ide.mcu.externaltools.gnu-tools-for-stm32.13.3.rel1.win32_1.0.0.202411081344/tools/bin/../lib/gcc/arm-none-eabi/13.3.1/thumb/v8-m.main+fp/hard\libgcc.a

.debug_info     0x00000000    0x1c2dc
 .debug_info    0x00000000      0xd0d ./Core/Src/data_handler.o
 .debug_info    0x00000d0d     0x1c7a ./Core/Src/main.o
 .debug_info    0x00002987      0x3d0 ./Core/Src/sensors_interface.o
 .debug_info    0x00002d57     0x2011 ./Core/Src/stm32u5xx_hal_msp.o
 .debug_info    0x00004d68      0xc9f ./Core/Src/stm32u5xx_it.o
 .debug_info    0x00005a07      0x168 ./Core/Src/sysmem.o
 .debug_info    0x00005b6f      0x929 ./Core/Src/system_stm32u5xx.o
 .debug_info    0x00006498      0x46c ./Core/Src/temp_sensor.o
 .debug_info    0x00006904      0xd4e ./Core/Src/uart_handler.o
 .debug_info    0x00007652       0x30 ./Core/Startup/startup_stm32u585aiixq.o
 .debug_info    0x00007682     0x11fb ./Drivers/STM32U5xx_HAL_Driver/Src/stm32u5xx_hal.o
 .debug_info    0x0000887d     0x1658 ./Drivers/STM32U5xx_HAL_Driver/Src/stm32u5xx_hal_cortex.o
 .debug_info    0x00009ed5      0xadc ./Drivers/STM32U5xx_HAL_Driver/Src/stm32u5xx_hal_dma.o
 .debug_info    0x0000a9b1      0x859 ./Drivers/STM32U5xx_HAL_Driver/Src/stm32u5xx_hal_gpio.o
 .debug_info    0x0000b20a     0x232e ./Drivers/STM32U5xx_HAL_Driver/Src/stm32u5xx_hal_i2c.o
 .debug_info    0x0000d538      0x9ff ./Drivers/STM32U5xx_HAL_Driver/Src/stm32u5xx_hal_i2c_ex.o
 .debug_info    0x0000df37      0x4d6 ./Drivers/STM32U5xx_HAL_Driver/Src/stm32u5xx_hal_icache.o
 .debug_info    0x0000e40d      0xe3e ./Drivers/STM32U5xx_HAL_Driver/Src/stm32u5xx_hal_pwr_ex.o
 .debug_info    0x0000f24b     0x11f0 ./Drivers/STM32U5xx_HAL_Driver/Src/stm32u5xx_hal_rcc.o
 .debug_info    0x0001043b     0x158b ./Drivers/STM32U5xx_HAL_Driver/Src/stm32u5xx_hal_rcc_ex.o
 .debug_info    0x000119c6      0xe18 ./Drivers/STM32U5xx_HAL_Driver/Src/stm32u5xx_hal_rtc.o
 .debug_info    0x000127de     0x1a91 ./Drivers/STM32U5xx_HAL_Driver/Src/stm32u5xx_hal_rtc_ex.o
 .debug_info    0x0001426f     0x2e54 ./Drivers/STM32U5xx_HAL_Driver/Src/stm32u5xx_hal_tim.o
 .debug_info    0x000170c3     0x4029 ./Drivers/STM32U5xx_HAL_Driver/Src/stm32u5xx_hal_uart.o
 .debug_info    0x0001b0ec     0x11f0 ./Drivers/STM32U5xx_HAL_Driver/Src/stm32u5xx_hal_uart_ex.o

.debug_abbrev   0x00000000     0x356e
 .debug_abbrev  0x00000000      0x1fc ./Core/Src/data_handler.o
 .debug_abbrev  0x000001fc      0x320 ./Core/Src/main.o
 .debug_abbrev  0x0000051c      0x19b ./Core/Src/sensors_interface.o
 .debug_abbrev  0x000006b7      0x28d ./Core/Src/stm32u5xx_hal_msp.o
 .debug_abbrev  0x00000944      0x191 ./Core/Src/stm32u5xx_it.o
 .debug_abbrev  0x00000ad5       0xbc ./Core/Src/sysmem.o
 .debug_abbrev  0x00000b91      0x129 ./Core/Src/system_stm32u5xx.o
 .debug_abbrev  0x00000cba      0x1d4 ./Core/Src/temp_sensor.o
 .debug_abbrev  0x00000e8e      0x248 ./Core/Src/uart_handler.o
 .debug_abbrev  0x000010d6       0x24 ./Core/Startup/startup_stm32u585aiixq.o
 .debug_abbrev  0x000010fa      0x2a5 ./Drivers/STM32U5xx_HAL_Driver/Src/stm32u5xx_hal.o
 .debug_abbrev  0x0000139f      0x311 ./Drivers/STM32U5xx_HAL_Driver/Src/stm32u5xx_hal_cortex.o
 .debug_abbrev  0x000016b0      0x1ff ./Drivers/STM32U5xx_HAL_Driver/Src/stm32u5xx_hal_dma.o
 .debug_abbrev  0x000018af      0x25a ./Drivers/STM32U5xx_HAL_Driver/Src/stm32u5xx_hal_gpio.o
 .debug_abbrev  0x00001b09      0x271 ./Drivers/STM32U5xx_HAL_Driver/Src/stm32u5xx_hal_i2c.o
 .debug_abbrev  0x00001d7a      0x1c0 ./Drivers/STM32U5xx_HAL_Driver/Src/stm32u5xx_hal_i2c_ex.o
 .debug_abbrev  0x00001f3a      0x228 ./Drivers/STM32U5xx_HAL_Driver/Src/stm32u5xx_hal_icache.o
 .debug_abbrev  0x00002162      0x215 ./Drivers/STM32U5xx_HAL_Driver/Src/stm32u5xx_hal_pwr_ex.o
 .debug_abbrev  0x00002377      0x2cb ./Drivers/STM32U5xx_HAL_Driver/Src/stm32u5xx_hal_rcc.o
 .debug_abbrev  0x00002642      0x23d ./Drivers/STM32U5xx_HAL_Driver/Src/stm32u5xx_hal_rcc_ex.o
 .debug_abbrev  0x0000287f      0x206 ./Drivers/STM32U5xx_HAL_Driver/Src/stm32u5xx_hal_rtc.o
 .debug_abbrev  0x00002a85      0x253 ./Drivers/STM32U5xx_HAL_Driver/Src/stm32u5xx_hal_rtc_ex.o
 .debug_abbrev  0x00002cd8      0x2bd ./Drivers/STM32U5xx_HAL_Driver/Src/stm32u5xx_hal_tim.o
 .debug_abbrev  0x00002f95      0x305 ./Drivers/STM32U5xx_HAL_Driver/Src/stm32u5xx_hal_uart.o
 .debug_abbrev  0x0000329a      0x2d4 ./Drivers/STM32U5xx_HAL_Driver/Src/stm32u5xx_hal_uart_ex.o

.debug_aranges  0x00000000     0x18a0
 .debug_aranges
                0x00000000       0x78 ./Core/Src/data_handler.o
 .debug_aranges
                0x00000078       0x60 ./Core/Src/main.o
 .debug_aranges
                0x000000d8       0x38 ./Core/Src/sensors_interface.o
 .debug_aranges
                0x00000110       0x60 ./Core/Src/stm32u5xx_hal_msp.o
 .debug_aranges
                0x00000170       0x70 ./Core/Src/stm32u5xx_it.o
 .debug_aranges
                0x000001e0       0x20 ./Core/Src/sysmem.o
 .debug_aranges
                0x00000200       0x28 ./Core/Src/system_stm32u5xx.o
 .debug_aranges
                0x00000228       0x60 ./Core/Src/temp_sensor.o
 .debug_aranges
                0x00000288       0x58 ./Core/Src/uart_handler.o
 .debug_aranges
                0x000002e0       0x28 ./Core/Startup/startup_stm32u585aiixq.o
 .debug_aranges
                0x00000308      0x148 ./Drivers/STM32U5xx_HAL_Driver/Src/stm32u5xx_hal.o
 .debug_aranges
                0x00000450      0x140 ./Drivers/STM32U5xx_HAL_Driver/Src/stm32u5xx_hal_cortex.o
 .debug_aranges
                0x00000590       0xa0 ./Drivers/STM32U5xx_HAL_Driver/Src/stm32u5xx_hal_dma.o
 .debug_aranges
                0x00000630       0x78 ./Drivers/STM32U5xx_HAL_Driver/Src/stm32u5xx_hal_gpio.o
 .debug_aranges
                0x000006a8      0x2a0 ./Drivers/STM32U5xx_HAL_Driver/Src/stm32u5xx_hal_i2c.o
 .debug_aranges
                0x00000948       0x58 ./Drivers/STM32U5xx_HAL_Driver/Src/stm32u5xx_hal_i2c_ex.o
 .debug_aranges
                0x000009a0       0xa8 ./Drivers/STM32U5xx_HAL_Driver/Src/stm32u5xx_hal_icache.o
 .debug_aranges
                0x00000a48      0x200 ./Drivers/STM32U5xx_HAL_Driver/Src/stm32u5xx_hal_pwr_ex.o
 .debug_aranges
                0x00000c48       0xa8 ./Drivers/STM32U5xx_HAL_Driver/Src/stm32u5xx_hal_rcc.o
 .debug_aranges
                0x00000cf0      0x160 ./Drivers/STM32U5xx_HAL_Driver/Src/stm32u5xx_hal_rcc_ex.o
 .debug_aranges
                0x00000e50       0xe8 ./Drivers/STM32U5xx_HAL_Driver/Src/stm32u5xx_hal_rtc.o
 .debug_aranges
                0x00000f38      0x280 ./Drivers/STM32U5xx_HAL_Driver/Src/stm32u5xx_hal_rtc_ex.o
 .debug_aranges
                0x000011b8      0x3e8 ./Drivers/STM32U5xx_HAL_Driver/Src/stm32u5xx_hal_tim.o
 .debug_aranges
                0x000015a0      0x248 ./Drivers/STM32U5xx_HAL_Driver/Src/stm32u5xx_hal_uart.o
 .debug_aranges
                0x000017e8       0xb8 ./Drivers/STM32U5xx_HAL_Driver/Src/stm32u5xx_hal_uart_ex.o

.debug_rnglists
                0x00000000     0x132a
 .debug_rnglists
                0x00000000       0x56 ./Core/Src/data_handler.o
 .debug_rnglists
                0x00000056       0x47 ./Core/Src/main.o
 .debug_rnglists
                0x0000009d       0x25 ./Core/Src/sensors_interface.o
 .debug_rnglists
                0x000000c2       0x46 ./Core/Src/stm32u5xx_hal_msp.o
 .debug_rnglists
                0x00000108       0x4f ./Core/Src/stm32u5xx_it.o
 .debug_rnglists
                0x00000157       0x13 ./Core/Src/sysmem.o
 .debug_rnglists
                0x0000016a       0x1a ./Core/Src/system_stm32u5xx.o
 .debug_rnglists
                0x00000184       0x48 ./Core/Src/temp_sensor.o
 .debug_rnglists
                0x000001cc       0x40 ./Core/Src/uart_handler.o
 .debug_rnglists
                0x0000020c       0x19 ./Core/Startup/startup_stm32u585aiixq.o
 .debug_rnglists
                0x00000225       0xf3 ./Drivers/STM32U5xx_HAL_Driver/Src/stm32u5xx_hal.o
 .debug_rnglists
                0x00000318       0xec ./Drivers/STM32U5xx_HAL_Driver/Src/stm32u5xx_hal_cortex.o
 .debug_rnglists
                0x00000404       0x7e ./Drivers/STM32U5xx_HAL_Driver/Src/stm32u5xx_hal_dma.o
 .debug_rnglists
                0x00000482       0x5a ./Drivers/STM32U5xx_HAL_Driver/Src/stm32u5xx_hal_gpio.o
 .debug_rnglists
                0x000004dc      0x228 ./Drivers/STM32U5xx_HAL_Driver/Src/stm32u5xx_hal_i2c.o
 .debug_rnglists
                0x00000704       0x43 ./Drivers/STM32U5xx_HAL_Driver/Src/stm32u5xx_hal_i2c_ex.o
 .debug_rnglists
                0x00000747       0x7a ./Drivers/STM32U5xx_HAL_Driver/Src/stm32u5xx_hal_icache.o
 .debug_rnglists
                0x000007c1      0x186 ./Drivers/STM32U5xx_HAL_Driver/Src/stm32u5xx_hal_pwr_ex.o
 .debug_rnglists
                0x00000947       0x7f ./Drivers/STM32U5xx_HAL_Driver/Src/stm32u5xx_hal_rcc.o
 .debug_rnglists
                0x000009c6      0x113 ./Drivers/STM32U5xx_HAL_Driver/Src/stm32u5xx_hal_rcc_ex.o
 .debug_rnglists
                0x00000ad9       0xb3 ./Drivers/STM32U5xx_HAL_Driver/Src/stm32u5xx_hal_rtc.o
 .debug_rnglists
                0x00000b8c      0x1e9 ./Drivers/STM32U5xx_HAL_Driver/Src/stm32u5xx_hal_rtc_ex.o
 .debug_rnglists
                0x00000d75      0x32e ./Drivers/STM32U5xx_HAL_Driver/Src/stm32u5xx_hal_tim.o
 .debug_rnglists
                0x000010a3      0x1fb ./Drivers/STM32U5xx_HAL_Driver/Src/stm32u5xx_hal_uart.o
 .debug_rnglists
                0x0000129e       0x8c ./Drivers/STM32U5xx_HAL_Driver/Src/stm32u5xx_hal_uart_ex.o

.debug_macro    0x00000000    0x367ff
 .debug_macro   0x00000000      0x33f ./Core/Src/data_handler.o
 .debug_macro   0x0000033f      0xade ./Core/Src/data_handler.o
 .debug_macro   0x00000e1d       0x22 ./Core/Src/data_handler.o
 .debug_macro   0x00000e3f       0x8e ./Core/Src/data_handler.o
 .debug_macro   0x00000ecd       0x51 ./Core/Src/data_handler.o
 .debug_macro   0x00000f1e      0x103 ./Core/Src/data_handler.o
 .debug_macro   0x00001021       0x6a ./Core/Src/data_handler.o
 .debug_macro   0x0000108b      0x1df ./Core/Src/data_handler.o
 .debug_macro   0x0000126a       0x22 ./Core/Src/data_handler.o
 .debug_macro   0x0000128c      0x20d ./Core/Src/data_handler.o
 .debug_macro   0x00001499       0x2e ./Core/Src/data_handler.o
 .debug_macro   0x000014c7       0x42 ./Core/Src/data_handler.o
 .debug_macro   0x00001509       0x1c ./Core/Src/data_handler.o
 .debug_macro   0x00001525       0x29 ./Core/Src/data_handler.o
 .debug_macro   0x0000154e       0xfb ./Core/Src/data_handler.o
 .debug_macro   0x00001649     0x1685 ./Core/Src/data_handler.o
 .debug_macro   0x00002cce       0x5e ./Core/Src/data_handler.o
 .debug_macro   0x00002d2c    0x23cfa ./Core/Src/data_handler.o
 .debug_macro   0x00026a26       0x6d ./Core/Src/data_handler.o
 .debug_macro   0x00026a93     0x393e ./Core/Src/data_handler.o
 .debug_macro   0x0002a3d1      0x190 ./Core/Src/data_handler.o
 .debug_macro   0x0002a561       0x61 ./Core/Src/data_handler.o
 .debug_macro   0x0002a5c2       0x2a ./Core/Src/data_handler.o
 .debug_macro   0x0002a5ec       0x43 ./Core/Src/data_handler.o
 .debug_macro   0x0002a62f       0x34 ./Core/Src/data_handler.o
 .debug_macro   0x0002a663      0x370 ./Core/Src/data_handler.o
 .debug_macro   0x0002a9d3       0x16 ./Core/Src/data_handler.o
 .debug_macro   0x0002a9e9       0x4a ./Core/Src/data_handler.o
 .debug_macro   0x0002aa33       0x34 ./Core/Src/data_handler.o
 .debug_macro   0x0002aa67       0x10 ./Core/Src/data_handler.o
 .debug_macro   0x0002aa77       0x58 ./Core/Src/data_handler.o
 .debug_macro   0x0002aacf       0x8e ./Core/Src/data_handler.o
 .debug_macro   0x0002ab5d       0x1c ./Core/Src/data_handler.o
 .debug_macro   0x0002ab79      0x185 ./Core/Src/data_handler.o
 .debug_macro   0x0002acfe      0x19b ./Core/Src/data_handler.o
 .debug_macro   0x0002ae99       0x5d ./Core/Src/data_handler.o
 .debug_macro   0x0002aef6     0x1bfd ./Core/Src/data_handler.o
 .debug_macro   0x0002caf3      0x7ff ./Core/Src/data_handler.o
 .debug_macro   0x0002d2f2      0x166 ./Core/Src/data_handler.o
 .debug_macro   0x0002d458      0x2aa ./Core/Src/data_handler.o
 .debug_macro   0x0002d702       0xc9 ./Core/Src/data_handler.o
 .debug_macro   0x0002d7cb      0x5a5 ./Core/Src/data_handler.o
 .debug_macro   0x0002dd70      0x439 ./Core/Src/data_handler.o
 .debug_macro   0x0002e1a9       0xd6 ./Core/Src/data_handler.o
 .debug_macro   0x0002e27f      0x1cd ./Core/Src/data_handler.o
 .debug_macro   0x0002e44c      0x432 ./Core/Src/data_handler.o
 .debug_macro   0x0002e87e       0x95 ./Core/Src/data_handler.o
 .debug_macro   0x0002e913      0x11c ./Core/Src/data_handler.o
 .debug_macro   0x0002ea2f      0x23a ./Core/Src/data_handler.o
 .debug_macro   0x0002ec69      0x123 ./Core/Src/data_handler.o
 .debug_macro   0x0002ed8c       0xa5 ./Core/Src/data_handler.o
 .debug_macro   0x0002ee31      0x525 ./Core/Src/data_handler.o
 .debug_macro   0x0002f356      0x4bf ./Core/Src/data_handler.o
 .debug_macro   0x0002f815      0x328 ./Core/Src/data_handler.o
 .debug_macro   0x0002fb3d      0x916 ./Core/Src/data_handler.o
 .debug_macro   0x00030453       0xe4 ./Core/Src/data_handler.o
 .debug_macro   0x00030537      0xbcc ./Core/Src/data_handler.o
 .debug_macro   0x00031103      0x4ea ./Core/Src/data_handler.o
 .debug_macro   0x000315ed      0x677 ./Core/Src/data_handler.o
 .debug_macro   0x00031c64      0x1a1 ./Core/Src/data_handler.o
 .debug_macro   0x00031e05      0x1c0 ./Core/Src/data_handler.o
 .debug_macro   0x00031fc5      0x361 ./Core/Src/data_handler.o
 .debug_macro   0x00032326       0x16 ./Core/Src/data_handler.o
 .debug_macro   0x0003233c       0x16 ./Core/Src/data_handler.o
 .debug_macro   0x00032352       0x3c ./Core/Src/data_handler.o
 .debug_macro   0x0003238e       0x16 ./Core/Src/data_handler.o
 .debug_macro   0x000323a4       0x29 ./Core/Src/data_handler.o
 .debug_macro   0x000323cd       0x16 ./Core/Src/data_handler.o
 .debug_macro   0x000323e3       0x20 ./Core/Src/data_handler.o
 .debug_macro   0x00032403      0x2df ./Core/Src/main.o
 .debug_macro   0x000326e2      0x324 ./Core/Src/sensors_interface.o
 .debug_macro   0x00032a06       0x10 ./Core/Src/sensors_interface.o
 .debug_macro   0x00032a16       0x1c ./Core/Src/sensors_interface.o
 .debug_macro   0x00032a32      0x2b3 ./Core/Src/stm32u5xx_hal_msp.o
 .debug_macro   0x00032ce5      0x2bd ./Core/Src/stm32u5xx_it.o
 .debug_macro   0x00032fa2      0x112 ./Core/Src/sysmem.o
 .debug_macro   0x000330b4      0x23c ./Core/Src/sysmem.o
 .debug_macro   0x000332f0      0x2b0 ./Core/Src/system_stm32u5xx.o
 .debug_macro   0x000335a0      0x335 ./Core/Src/temp_sensor.o
 .debug_macro   0x000338d5      0x343 ./Core/Src/uart_handler.o
 .debug_macro   0x00033c18      0x2cd ./Drivers/STM32U5xx_HAL_Driver/Src/stm32u5xx_hal.o
 .debug_macro   0x00033ee5      0x2a9 ./Drivers/STM32U5xx_HAL_Driver/Src/stm32u5xx_hal_cortex.o
 .debug_macro   0x0003418e      0x2aa ./Drivers/STM32U5xx_HAL_Driver/Src/stm32u5xx_hal_dma.o
 .debug_macro   0x00034438      0x2de ./Drivers/STM32U5xx_HAL_Driver/Src/stm32u5xx_hal_gpio.o
 .debug_macro   0x00034716      0x375 ./Drivers/STM32U5xx_HAL_Driver/Src/stm32u5xx_hal_i2c.o
 .debug_macro   0x00034a8b      0x2a9 ./Drivers/STM32U5xx_HAL_Driver/Src/stm32u5xx_hal_i2c_ex.o
 .debug_macro   0x00034d34      0x2db ./Drivers/STM32U5xx_HAL_Driver/Src/stm32u5xx_hal_icache.o
 .debug_macro   0x0003500f      0x2d4 ./Drivers/STM32U5xx_HAL_Driver/Src/stm32u5xx_hal_pwr_ex.o
 .debug_macro   0x000352e3      0x3af ./Drivers/STM32U5xx_HAL_Driver/Src/stm32u5xx_hal_rcc.o
 .debug_macro   0x00035692      0x3da ./Drivers/STM32U5xx_HAL_Driver/Src/stm32u5xx_hal_rcc_ex.o
 .debug_macro   0x00035a6c      0x2aa ./Drivers/STM32U5xx_HAL_Driver/Src/stm32u5xx_hal_rtc.o
 .debug_macro   0x00035d16      0x2af ./Drivers/STM32U5xx_HAL_Driver/Src/stm32u5xx_hal_rtc_ex.o
 .debug_macro   0x00035fc5      0x2b1 ./Drivers/STM32U5xx_HAL_Driver/Src/stm32u5xx_hal_tim.o
 .debug_macro   0x00036276      0x2d4 ./Drivers/STM32U5xx_HAL_Driver/Src/stm32u5xx_hal_uart.o
 .debug_macro   0x0003654a      0x2b5 ./Drivers/STM32U5xx_HAL_Driver/Src/stm32u5xx_hal_uart_ex.o

.debug_line     0x00000000    0x1f25b
 .debug_line    0x00000000      0xae2 ./Core/Src/data_handler.o
 .debug_line    0x00000ae2      0xb8f ./Core/Src/main.o
 .debug_line    0x00001671      0xa37 ./Core/Src/sensors_interface.o
 .debug_line    0x000020a8      0xa52 ./Core/Src/stm32u5xx_hal_msp.o
 .debug_line    0x00002afa      0x9d5 ./Core/Src/stm32u5xx_it.o
 .debug_line    0x000034cf      0x588 ./Core/Src/sysmem.o
 .debug_line    0x00003a57      0x9fa ./Core/Src/system_stm32u5xx.o
 .debug_line    0x00004451      0xc28 ./Core/Src/temp_sensor.o
 .debug_line    0x00005079      0xb6b ./Core/Src/uart_handler.o
 .debug_line    0x00005be4       0x79 ./Core/Startup/startup_stm32u585aiixq.o
 .debug_line    0x00005c5d      0xd99 ./Drivers/STM32U5xx_HAL_Driver/Src/stm32u5xx_hal.o
 .debug_line    0x000069f6      0xf49 ./Drivers/STM32U5xx_HAL_Driver/Src/stm32u5xx_hal_cortex.o
 .debug_line    0x0000793f     0x137b ./Drivers/STM32U5xx_HAL_Driver/Src/stm32u5xx_hal_dma.o
 .debug_line    0x00008cba      0xe98 ./Drivers/STM32U5xx_HAL_Driver/Src/stm32u5xx_hal_gpio.o
 .debug_line    0x00009b52     0x3c04 ./Drivers/STM32U5xx_HAL_Driver/Src/stm32u5xx_hal_i2c.o
 .debug_line    0x0000d756      0xb46 ./Drivers/STM32U5xx_HAL_Driver/Src/stm32u5xx_hal_i2c_ex.o
 .debug_line    0x0000e29c      0xbec ./Drivers/STM32U5xx_HAL_Driver/Src/stm32u5xx_hal_icache.o
 .debug_line    0x0000ee88     0x1286 ./Drivers/STM32U5xx_HAL_Driver/Src/stm32u5xx_hal_pwr_ex.o
 .debug_line    0x0001010e     0x1786 ./Drivers/STM32U5xx_HAL_Driver/Src/stm32u5xx_hal_rcc.o
 .debug_line    0x00011894     0x23ef ./Drivers/STM32U5xx_HAL_Driver/Src/stm32u5xx_hal_rcc_ex.o
 .debug_line    0x00013c83     0x11a6 ./Drivers/STM32U5xx_HAL_Driver/Src/stm32u5xx_hal_rtc.o
 .debug_line    0x00014e29     0x1962 ./Drivers/STM32U5xx_HAL_Driver/Src/stm32u5xx_hal_rtc_ex.o
 .debug_line    0x0001678b     0x4653 ./Drivers/STM32U5xx_HAL_Driver/Src/stm32u5xx_hal_tim.o
 .debug_line    0x0001adde     0x3543 ./Drivers/STM32U5xx_HAL_Driver/Src/stm32u5xx_hal_uart.o
 .debug_line    0x0001e321      0xf3a ./Drivers/STM32U5xx_HAL_Driver/Src/stm32u5xx_hal_uart_ex.o

.debug_str      0x00000000   0x157f8c
 .debug_str     0x00000000   0x157f8c ./Core/Src/data_handler.o
                             0x14d0f2 (size before relaxing)
 .debug_str     0x00157f8c   0x14da13 ./Core/Src/main.o
 .debug_str     0x00157f8c   0x14c908 ./Core/Src/sensors_interface.o
 .debug_str     0x00157f8c   0x14e03a ./Core/Src/stm32u5xx_hal_msp.o
 .debug_str     0x00157f8c   0x14ce3f ./Core/Src/stm32u5xx_it.o
 .debug_str     0x00157f8c     0x77c9 ./Core/Src/sysmem.o
 .debug_str     0x00157f8c   0x14c83b ./Core/Src/system_stm32u5xx.o
 .debug_str     0x00157f8c   0x14c8cc ./Core/Src/temp_sensor.o
 .debug_str     0x00157f8c   0x14cf99 ./Core/Src/uart_handler.o
 .debug_str     0x00157f8c       0xaa ./Core/Startup/startup_stm32u585aiixq.o
 .debug_str     0x00157f8c   0x14d6d6 ./Drivers/STM32U5xx_HAL_Driver/Src/stm32u5xx_hal.o
 .debug_str     0x00157f8c   0x14d4b6 ./Drivers/STM32U5xx_HAL_Driver/Src/stm32u5xx_hal_cortex.o
 .debug_str     0x00157f8c   0x14cbbf ./Drivers/STM32U5xx_HAL_Driver/Src/stm32u5xx_hal_dma.o
 .debug_str     0x00157f8c   0x14c860 ./Drivers/STM32U5xx_HAL_Driver/Src/stm32u5xx_hal_gpio.o
 .debug_str     0x00157f8c   0x14da89 ./Drivers/STM32U5xx_HAL_Driver/Src/stm32u5xx_hal_i2c.o
 .debug_str     0x00157f8c   0x14cc71 ./Drivers/STM32U5xx_HAL_Driver/Src/stm32u5xx_hal_i2c_ex.o
 .debug_str     0x00157f8c   0x14cb5d ./Drivers/STM32U5xx_HAL_Driver/Src/stm32u5xx_hal_icache.o
 .debug_str     0x00157f8c   0x14cf7b ./Drivers/STM32U5xx_HAL_Driver/Src/stm32u5xx_hal_pwr_ex.o
 .debug_str     0x00157f8c   0x14df30 ./Drivers/STM32U5xx_HAL_Driver/Src/stm32u5xx_hal_rcc.o
 .debug_str     0x00157f8c   0x14f223 ./Drivers/STM32U5xx_HAL_Driver/Src/stm32u5xx_hal_rcc_ex.o
 .debug_str     0x00157f8c   0x14cb72 ./Drivers/STM32U5xx_HAL_Driver/Src/stm32u5xx_hal_rtc.o
 .debug_str     0x00157f8c   0x14d650 ./Drivers/STM32U5xx_HAL_Driver/Src/stm32u5xx_hal_rtc_ex.o
 .debug_str     0x00157f8c   0x14dc7e ./Drivers/STM32U5xx_HAL_Driver/Src/stm32u5xx_hal_tim.o
 .debug_str     0x00157f8c   0x14d502 ./Drivers/STM32U5xx_HAL_Driver/Src/stm32u5xx_hal_uart.o
 .debug_str     0x00157f8c   0x14cfb4 ./Drivers/STM32U5xx_HAL_Driver/Src/stm32u5xx_hal_uart_ex.o

.comment        0x00000000       0x43
 .comment       0x00000000       0x43 ./Core/Src/data_handler.o
                                 0x44 (size before relaxing)
 .comment       0x00000043       0x44 ./Core/Src/main.o
 .comment       0x00000043       0x44 ./Core/Src/sensors_interface.o
 .comment       0x00000043       0x44 ./Core/Src/stm32u5xx_hal_msp.o
 .comment       0x00000043       0x44 ./Core/Src/stm32u5xx_it.o
 .comment       0x00000043       0x44 ./Core/Src/sysmem.o
 .comment       0x00000043       0x44 ./Core/Src/system_stm32u5xx.o
 .comment       0x00000043       0x44 ./Core/Src/temp_sensor.o
 .comment       0x00000043       0x44 ./Core/Src/uart_handler.o
 .comment       0x00000043       0x44 ./Drivers/STM32U5xx_HAL_Driver/Src/stm32u5xx_hal.o
 .comment       0x00000043       0x44 ./Drivers/STM32U5xx_HAL_Driver/Src/stm32u5xx_hal_cortex.o
 .comment       0x00000043       0x44 ./Drivers/STM32U5xx_HAL_Driver/Src/stm32u5xx_hal_dma.o
 .comment       0x00000043       0x44 ./Drivers/STM32U5xx_HAL_Driver/Src/stm32u5xx_hal_gpio.o
 .comment       0x00000043       0x44 ./Drivers/STM32U5xx_HAL_Driver/Src/stm32u5xx_hal_i2c.o
 .comment       0x00000043       0x44 ./Drivers/STM32U5xx_HAL_Driver/Src/stm32u5xx_hal_i2c_ex.o
 .comment       0x00000043       0x44 ./Drivers/STM32U5xx_HAL_Driver/Src/stm32u5xx_hal_icache.o
 .comment       0x00000043       0x44 ./Drivers/STM32U5xx_HAL_Driver/Src/stm32u5xx_hal_pwr_ex.o
 .comment       0x00000043       0x44 ./Drivers/STM32U5xx_HAL_Driver/Src/stm32u5xx_hal_rcc.o
 .comment       0x00000043       0x44 ./Drivers/STM32U5xx_HAL_Driver/Src/stm32u5xx_hal_rcc_ex.o
 .comment       0x00000043       0x44 ./Drivers/STM32U5xx_HAL_Driver/Src/stm32u5xx_hal_rtc.o
 .comment       0x00000043       0x44 ./Drivers/STM32U5xx_HAL_Driver/Src/stm32u5xx_hal_rtc_ex.o
 .comment       0x00000043       0x44 ./Drivers/STM32U5xx_HAL_Driver/Src/stm32u5xx_hal_tim.o
 .comment       0x00000043       0x44 ./Drivers/STM32U5xx_HAL_Driver/Src/stm32u5xx_hal_uart.o
 .comment       0x00000043       0x44 ./Drivers/STM32U5xx_HAL_Driver/Src/stm32u5xx_hal_uart_ex.o

.debug_frame    0x00000000     0x6c9c
 .debug_frame   0x00000000      0x190 ./Core/Src/data_handler.o
 .debug_frame   0x00000190      0x128 ./Core/Src/main.o
 .debug_frame   0x000002b8       0x90 ./Core/Src/sensors_interface.o
 .debug_frame   0x00000348      0x170 ./Core/Src/stm32u5xx_hal_msp.o
 .debug_frame   0x000004b8      0x13c ./Core/Src/stm32u5xx_it.o
 .debug_frame   0x000005f4       0x34 ./Core/Src/sysmem.o
 .debug_frame   0x00000628       0x58 ./Core/Src/system_stm32u5xx.o
 .debug_frame   0x00000680      0x160 ./Core/Src/temp_sensor.o
 .debug_frame   0x000007e0      0x128 ./Core/Src/uart_handler.o
 .debug_frame   0x00000908      0x500 ./Drivers/STM32U5xx_HAL_Driver/Src/stm32u5xx_hal.o
 .debug_frame   0x00000e08      0x560 ./Drivers/STM32U5xx_HAL_Driver/Src/stm32u5xx_hal_cortex.o
 .debug_frame   0x00001368      0x2a0 ./Drivers/STM32U5xx_HAL_Driver/Src/stm32u5xx_hal_dma.o
 .debug_frame   0x00001608      0x1ec ./Drivers/STM32U5xx_HAL_Driver/Src/stm32u5xx_hal_gpio.o
 .debug_frame   0x000017f4      0xc44 ./Drivers/STM32U5xx_HAL_Driver/Src/stm32u5xx_hal_i2c.o
 .debug_frame   0x00002438      0x150 ./Drivers/STM32U5xx_HAL_Driver/Src/stm32u5xx_hal_i2c_ex.o
 .debug_frame   0x00002588      0x298 ./Drivers/STM32U5xx_HAL_Driver/Src/stm32u5xx_hal_icache.o
 .debug_frame   0x00002820      0x84c ./Drivers/STM32U5xx_HAL_Driver/Src/stm32u5xx_hal_pwr_ex.o
 .debug_frame   0x0000306c      0x288 ./Drivers/STM32U5xx_HAL_Driver/Src/stm32u5xx_hal_rcc.o
 .debug_frame   0x000032f4      0x5f4 ./Drivers/STM32U5xx_HAL_Driver/Src/stm32u5xx_hal_rcc_ex.o
 .debug_frame   0x000038e8      0x3f8 ./Drivers/STM32U5xx_HAL_Driver/Src/stm32u5xx_hal_rtc.o
 .debug_frame   0x00003ce0      0xbc8 ./Drivers/STM32U5xx_HAL_Driver/Src/stm32u5xx_hal_rtc_ex.o
 .debug_frame   0x000048a8     0x125c ./Drivers/STM32U5xx_HAL_Driver/Src/stm32u5xx_hal_tim.o
 .debug_frame   0x00005b04      0xa84 ./Drivers/STM32U5xx_HAL_Driver/Src/stm32u5xx_hal_uart.o
 .debug_frame   0x00006588      0x314 ./Drivers/STM32U5xx_HAL_Driver/Src/stm32u5xx_hal_uart_ex.o
 .debug_frame   0x0000689c       0x30 C:/ST/STM32CubeIDE_1.17.0/STM32CubeIDE/plugins/com.st.stm32cube.ide.mcu.externaltools.gnu-tools-for-stm32.13.3.rel1.win32_1.0.0.202411081344/tools/bin/../lib/gcc/arm-none-eabi/13.3.1/../../../../arm-none-eabi/lib/thumb/v8-m.main+fp/hard\libc_nano.a(libc_a-malloc.o)
 .debug_frame   0x000068cc       0x50 C:/ST/STM32CubeIDE_1.17.0/STM32CubeIDE/plugins/com.st.stm32cube.ide.mcu.externaltools.gnu-tools-for-stm32.13.3.rel1.win32_1.0.0.202411081344/tools/bin/../lib/gcc/arm-none-eabi/13.3.1/../../../../arm-none-eabi/lib/thumb/v8-m.main+fp/hard\libc_nano.a(libc_a-mallocr.o)
 .debug_frame   0x0000691c       0x30 C:/ST/STM32CubeIDE_1.17.0/STM32CubeIDE/plugins/com.st.stm32cube.ide.mcu.externaltools.gnu-tools-for-stm32.13.3.rel1.win32_1.0.0.202411081344/tools/bin/../lib/gcc/arm-none-eabi/13.3.1/../../../../arm-none-eabi/lib/thumb/v8-m.main+fp/hard\libc_nano.a(libc_a-mlock.o)
 .debug_frame   0x0000694c      0x144 C:/ST/STM32CubeIDE_1.17.0/STM32CubeIDE/plugins/com.st.stm32cube.ide.mcu.externaltools.gnu-tools-for-stm32.13.3.rel1.win32_1.0.0.202411081344/tools/bin/../lib/gcc/arm-none-eabi/13.3.1/../../../../arm-none-eabi/lib/thumb/v8-m.main+fp/hard\libc_nano.a(libc_a-findfp.o)
 .debug_frame   0x00006a90       0x20 C:/ST/STM32CubeIDE_1.17.0/STM32CubeIDE/plugins/com.st.stm32cube.ide.mcu.externaltools.gnu-tools-for-stm32.13.3.rel1.win32_1.0.0.202411081344/tools/bin/../lib/gcc/arm-none-eabi/13.3.1/../../../../arm-none-eabi/lib/thumb/v8-m.main+fp/hard\libc_nano.a(libc_a-memset.o)
 .debug_frame   0x00006ab0       0x38 C:/ST/STM32CubeIDE_1.17.0/STM32CubeIDE/plugins/com.st.stm32cube.ide.mcu.externaltools.gnu-tools-for-stm32.13.3.rel1.win32_1.0.0.202411081344/tools/bin/../lib/gcc/arm-none-eabi/13.3.1/../../../../arm-none-eabi/lib/thumb/v8-m.main+fp/hard\libc_nano.a(libc_a-reent.o)
 .debug_frame   0x00006ae8       0x2c C:/ST/STM32CubeIDE_1.17.0/STM32CubeIDE/plugins/com.st.stm32cube.ide.mcu.externaltools.gnu-tools-for-stm32.13.3.rel1.win32_1.0.0.202411081344/tools/bin/../lib/gcc/arm-none-eabi/13.3.1/../../../../arm-none-eabi/lib/thumb/v8-m.main+fp/hard\libc_nano.a(libc_a-sbrkr.o)
 .debug_frame   0x00006b14       0x20 C:/ST/STM32CubeIDE_1.17.0/STM32CubeIDE/plugins/com.st.stm32cube.ide.mcu.externaltools.gnu-tools-for-stm32.13.3.rel1.win32_1.0.0.202411081344/tools/bin/../lib/gcc/arm-none-eabi/13.3.1/../../../../arm-none-eabi/lib/thumb/v8-m.main+fp/hard\libc_nano.a(libc_a-errno.o)
 .debug_frame   0x00006b34       0x2c C:/ST/STM32CubeIDE_1.17.0/STM32CubeIDE/plugins/com.st.stm32cube.ide.mcu.externaltools.gnu-tools-for-stm32.13.3.rel1.win32_1.0.0.202411081344/tools/bin/../lib/gcc/arm-none-eabi/13.3.1/../../../../arm-none-eabi/lib/thumb/v8-m.main+fp/hard\libc_nano.a(libc_a-init.o)
 .debug_frame   0x00006b60       0xb0 C:/ST/STM32CubeIDE_1.17.0/STM32CubeIDE/plugins/com.st.stm32cube.ide.mcu.externaltools.gnu-tools-for-stm32.13.3.rel1.win32_1.0.0.202411081344/tools/bin/../lib/gcc/arm-none-eabi/13.3.1/../../../../arm-none-eabi/lib/thumb/v8-m.main+fp/hard\libc_nano.a(libc_a-lock.o)
 .debug_frame   0x00006c10       0x28 C:/ST/STM32CubeIDE_1.17.0/STM32CubeIDE/plugins/com.st.stm32cube.ide.mcu.externaltools.gnu-tools-for-stm32.13.3.rel1.win32_1.0.0.202411081344/tools/bin/../lib/gcc/arm-none-eabi/13.3.1/../../../../arm-none-eabi/lib/thumb/v8-m.main+fp/hard\libc_nano.a(libc_a-memcpy-stub.o)
 .debug_frame   0x00006c38       0x2c C:/ST/STM32CubeIDE_1.17.0/STM32CubeIDE/plugins/com.st.stm32cube.ide.mcu.externaltools.gnu-tools-for-stm32.13.3.rel1.win32_1.0.0.202411081344/tools/bin/../lib/gcc/arm-none-eabi/13.3.1/thumb/v8-m.main+fp/hard\libgcc.a(_aeabi_uldivmod.o)
 .debug_frame   0x00006c64       0x38 C:/ST/STM32CubeIDE_1.17.0/STM32CubeIDE/plugins/com.st.stm32cube.ide.mcu.externaltools.gnu-tools-for-stm32.13.3.rel1.win32_1.0.0.202411081344/tools/bin/../lib/gcc/arm-none-eabi/13.3.1/thumb/v8-m.main+fp/hard\libgcc.a(_udivmoddi4.o)

.debug_line_str
                0x00000000       0x8e
 .debug_line_str
                0x00000000       0x8e ./Core/Startup/startup_stm32u585aiixq.o
