../Core/Src/i2c_handler.c:19:6:HAL_I2C_MasterTxCpltCallback	16	static
../Core/Src/i2c_handler.c:37:6:HAL_I2C_MemRxCpltCallback	16	static
../Core/Src/i2c_handler.c:41:6:HAL_I2C_MemTxCpltCallback	16	static
../Core/Src/i2c_handler.c:45:6:HAL_I2C_MasterRxCpltCallback	16	static
../Core/Src/i2c_handler.c:53:6:i2c_handler_write_reg	16	static
../Core/Src/i2c_handler.c:74:6:i2c_handler_read_reg	40	static
../Core/Src/i2c_handler.c:123:6:i2c_handler_init	16	static
../Core/Src/i2c_handler.c:136:16:i2c_handler_get	4	static
../Core/Src/i2c_handler.c:140:6:i2c_handler_deinit	8	static
