../Core/Src/pressure_sensor.c:31:6:pressure_sensor_init	32	static
../Core/Src/pressure_sensor.c:85:6:pressure_sensor_deinit	8	static
../Core/Src/pressure_sensor.c:92:20:pressure_sensor_get	4	static
../Core/Src/pressure_sensor.c:98:13:pressure_format_uart_response	24	static
../Core/Src/pressure_sensor.c:113:25:pressure_get_last_data	4	static
../Core/Src/pressure_sensor.c:120:26:pressure_get_last_n_data	24	static
../Core/Src/pressure_sensor.c:131:16:pressure_get_last_n_serial_format	32	static
../Core/Src/pressure_sensor.c:152:9:pressure_get_temp_last_n_serial_format	32	static
../Core/Src/pressure_sensor.c:174:13:pressure_trigger_measurement	16	static
../Core/Src/pressure_sensor.c:184:13:pressure_trigger_data_collection	24	static
../Core/Src/pressure_sensor.c:208:13:pressure_decode_i2c_response	48	static
